Archive member included to satisfy reference by file (symbol)

C:/devkitPro/libctru/lib\libctru.a(gfx.o)
                              main_test.o (gfxInitDefault)
C:/devkitPro/libctru/lib\libctru.a(apt.o)
                              main_test.o (aptMainLoop)
C:/devkitPro/libctru/lib\libctru.a(gspgpu.o)
                              C:/devkitPro/libctru/lib\libctru.a(gfx.o) (gspInit)
C:/devkitPro/libctru/lib\libctru.a(hid.o)
                              main_test.o (hidScanInput)
C:/devkitPro/libctru/lib\libctru.a(irrst.o)
                              C:/devkitPro/libctru/lib\libctru.a(hid.o) (irrstInit)
C:/devkitPro/libctru/lib\libctru.a(ctru_init.o)
                              C:/devkitPro/libctru/lib\libctru.a(apt.o) (__system_retAddr)
C:/devkitPro/libctru/lib\libctru.a(initArgv.o)
                              C:/devkitPro/libctru/lib\libctru.a(ctru_init.o) (__system_initArgv)
C:/devkitPro/libctru/lib\libctru.a(syscalls.o)
                              C:/devkitPro/libctru/lib\libctru.a(ctru_init.o) (__system_initSyscalls)
C:/devkitPro/libctru/lib\libctru.a(svc.o)
                              C:/devkitPro/libctru/lib\libctru.a(apt.o) (svcSleepThread)
C:/devkitPro/libctru/lib\libctru.a(stack_adjust.o)
                              C:/devkitPro/devkitARM/bin/../lib/gcc/arm-none-eabi/16.1.0/../../../../arm-none-eabi/lib/armv6k/fpu/3dsx_crt0.o (initSystem)
C:/devkitPro/libctru/lib\libctru.a(linear.o)
                              C:/devkitPro/libctru/lib\libctru.a(gfx.o) (linearAlloc)
C:/devkitPro/libctru/lib\libctru.a(mem_pool.o)
                              C:/devkitPro/libctru/lib\libctru.a(linear.o) (MemPool::Allocate(MemChunk&, unsigned long, int))
C:/devkitPro/libctru/lib\libctru.a(vram.o)
                              C:/devkitPro/libctru/lib\libctru.a(gfx.o) (vramAlloc)
C:/devkitPro/libctru/lib\libctru.a(3dslink.o)
                              C:/devkitPro/libctru/lib\libctru.a(initArgv.o) (__3dslink_host)
C:/devkitPro/libctru/lib\libctru.a(env.o)
                              C:/devkitPro/libctru/lib\libctru.a(irrst.o) (envGetHandle)
C:/devkitPro/libctru/lib\libctru.a(os.o)
                              C:/devkitPro/libctru/lib\libctru.a(syscalls.o) (osGetTime)
C:/devkitPro/libctru/lib\libctru.a(srv.o)
                              C:/devkitPro/libctru/lib\libctru.a(apt.o) (srvInit)
C:/devkitPro/libctru/lib\libctru.a(synchronization.o)
                              C:/devkitPro/libctru/lib\libctru.a(ctru_init.o) (__sync_init)
C:/devkitPro/libctru/lib\libctru.a(thread.o)
                              C:/devkitPro/libctru/lib\libctru.a(apt.o) (threadCreate)
C:/devkitPro/libctru/lib\libctru.a(mappable.o)
                              C:/devkitPro/libctru/lib\libctru.a(apt.o) (mappableAlloc)
C:/devkitPro/libctru/lib\libctru.a(ptmsysm.o)
                              C:/devkitPro/libctru/lib\libctru.a(os.o) (ptmSysmInit)
C:/devkitPro/libctru/lib\libctru.a(srvpm.o)
                              C:/devkitPro/libctru/lib\libctru.a(srv.o) (srvPmGetSessionHandle)
C:/devkitPro/libctru/lib\libctru.a(soc_connect.o)
                              C:/devkitPro/libctru/lib\libctru.a(3dslink.o) (connect)
C:/devkitPro/libctru/lib\libctru.a(soc_socket.o)
                              C:/devkitPro/libctru/lib\libctru.a(3dslink.o) (socket)
C:/devkitPro/libctru/lib\libctru.a(rbtree_find.o)
                              C:/devkitPro/libctru/lib\libctru.a(linear.o) (rbtree_find)
C:/devkitPro/libctru/lib\libctru.a(rbtree_init.o)
                              C:/devkitPro/libctru/lib\libctru.a(linear.o) (rbtree_init)
C:/devkitPro/libctru/lib\libctru.a(rbtree_insert.o)
                              C:/devkitPro/libctru/lib\libctru.a(linear.o) (rbtree_insert)
C:/devkitPro/libctru/lib\libctru.a(rbtree_remove.o)
                              C:/devkitPro/libctru/lib\libctru.a(linear.o) (rbtree_remove)
C:/devkitPro/libctru/lib\libctru.a(rbtree_rotate.o)
                              C:/devkitPro/libctru/lib\libctru.a(rbtree_insert.o) (rbtree_rotate)
C:/devkitPro/libctru/lib\libctru.a(allocateHeaps.o)
                              C:/devkitPro/libctru/lib\libctru.a(ctru_init.o) (__system_allocateHeaps)
C:/devkitPro/libctru/lib\libctru.a(appExit.o)
                              C:/devkitPro/libctru/lib\libctru.a(stack_adjust.o) (__appExit)
C:/devkitPro/libctru/lib\libctru.a(appInit.o)
                              C:/devkitPro/libctru/lib\libctru.a(stack_adjust.o) (__appInit)
C:/devkitPro/libctru/lib\libctru.a(ctru_exit.o)
                              C:/devkitPro/libctru/lib\libctru.a(stack_adjust.o) (__libctru_exit)
C:/devkitPro/libctru/lib\libctru.a(archive_dev.o)
                              C:/devkitPro/libctru/lib\libctru.a(appInit.o) (archiveMountSdmc)
C:/devkitPro/libctru/lib\libctru.a(path_buf.o)
                              C:/devkitPro/libctru/lib\libctru.a(archive_dev.o) (__ctru_dev_utf16_buf)
C:/devkitPro/libctru/lib\libctru.a(fs.o)
[...]
Memory Configuration

Name             Origin             Length             Attributes
*default*        0x00000000         0xffffffff

Linker script and memory map

                0x00000000                        __sync_synchronize = __sync_synchronize_dmb
                0x00100000                        PROVIDE (__start__ = 0x100000)
                0x00100000                        . = __start__

.text           0x00100000    0x1436c
 *(.crt0)
 .crt0          0x00100000       0x94 C:/devkitPro/devkitARM/bin/../lib/gcc/arm-none-eabi/16.1.0/../../../../arm-none-eabi/lib/armv6k/fpu/3dsx_crt0.o
                0x00100000                _start
                0x00100008                __service_ptr
                0x0010000c                __apt_appid
                0x00100010                __heap_size
                0x00100014                __linear_heap_size
                0x00100018                __system_arglist
                0x0010001c                __system_runflags
 *(.init)
 .init          0x00100094        0xc C:/devkitPro/devkitARM/bin/../lib/gcc/arm-none-eabi/16.1.0/armv6k/fpu/crti.o
                0x00100094                _init
 .init          0x001000a0        0xc C:/devkitPro/devkitARM/bin/../lib/gcc/arm-none-eabi/16.1.0/armv6k/fpu/crtn.o
                0x001000ac                        . = ALIGN (0x4)
 *(.text)
 .text          0x001000ac      0x240 C:/devkitPro/devkitARM/bin/../lib/gcc/arm-none-eabi/16.1.0/armv6k/fpu\libgcc.a(_divsi3.o)
                0x001000ac                __divsi3
                0x001000ac                __aeabi_idiv
                0x001002cc                __aeabi_idivmod
 .text          0x001002ec        0x4 C:/devkitPro/devkitARM/bin/../lib/gcc/arm-none-eabi/16.1.0/armv6k/fpu\libgcc.a(_dvmd_tls.o)
                0x001002ec                __aeabi_idiv0
                0x001002ec                __aeabi_ldiv0
 .text          0x001002f0       0x3c C:/devkitPro/devkitARM/bin/../lib/gcc/arm-none-eabi/16.1.0/armv6k/fpu\libgcc.a(_aeabi_uldivmod.o)
                0x001002f0                __aeabi_uldivmod
 *fill*         0x0010032c       0x14 
 .text          0x00100340      0x390 C:/devkitPro/devkitARM/bin/../lib/gcc/arm-none-eabi/16.1.0/../../../../arm-none-eabi/lib/armv6k/fpu\libg.a(libc_a-strcmp.o)
                0x00100348                strcmp
 .text          0x001006d0      0x20c C:/devkitPro/devkitARM/bin/../lib/gcc/arm-none-eabi/16.1.0/armv6k/fpu\libgcc.a(_udivsi3.o)
                0x001006d0                __aeabi_uidiv
                0x001006d0                __udivsi3
                0x001008bc                __aeabi_uidivmod
 *(.text.*)
 .text.__do_global_dtors_aux
                0x001008dc       0x50 C:/devkitPro/devkitARM/bin/../lib/gcc/arm-none-eabi/16.1.0/armv6k/fpu/crtbegin.o
 .text.frame_dummy
                0x0010092c       0x2c C:/devkitPro/devkitARM/bin/../lib/gcc/arm-none-eabi/16.1.0/armv6k/fpu/crtbegin.o
 .text._ZL8drawCharPhiiiici5ColorS0_b.constprop.0
                0x00100958      0x1ac main_test.o
 .text._ZL15drawTextWrappedPhiiiiiPKci5Color.constprop.0
                0x00100b04      0x278 main_test.o
 .text._ZL10drawButtonPhRK6Buttonbi
                0x00100d7c      0x7b4 main_test.o
 .text.startup.main
                0x00101530      0x7fc main_test.o
                0x00101530                main
 .text.getAlignmentPatternPositions
                0x00101d2c       0x90 qrcodegen.o
 .text.numCharCountBits
                0x00101dbc       0xcc qrcodegen.o
 .text.appendBitsToBuffer
                0x00101e88       0x88 qrcodegen.o
 .text.getNumRawDataModules
                0x00101f10       0xb8 qrcodegen.o
 .text.getModuleBounded
                0x00101fc8       0x70 qrcodegen.o
 .text.setModuleBounded
                0x00102038       0x78 qrcodegen.o
 .text.finderPenaltyCountPatterns
                0x001020b0       0xb8 qrcodegen.o
 .text.fillRectangle
                0x00102168       0xc4 qrcodegen.o
 .text.initializeFunctionModules
                0x0010222c      0x2d0 qrcodegen.o
 .text.drawFormatBits
                0x001024fc      0x1cc qrcodegen.o
 .text.applyMask
                0x001026c8      0x880 qrcodegen.o
 .text.getNumDataCodewords
                0x00102f48      0x114 qrcodegen.o
 .text.qrcodegen_encodeSegmentsAdvanced
                0x0010305c     0x1318 qrcodegen.o
                0x0010305c                qrcodegen_encodeSegmentsAdvanced
 .text.qrcodegen_getSize
                0x00104374       0x5c qrcodegen.o
                0x00104374                qrcodegen_getSize
 .text.qrcodegen_getModule
                0x001043d0       0x50 qrcodegen.o
                0x001043d0                qrcodegen_getModule
 .text.qrcodegen_isAlphanumeric
                0x00104420       0x60 qrcodegen.o
                0x00104420                qrcodegen_isAlphanumeric
 .text.qrcodegen_makeNumeric
                0x00104480      0x214 qrcodegen.o
                0x00104480                qrcodegen_makeNumeric
 .text.qrcodegen_makeAlphanumeric
                0x00104694      0x22c qrcodegen.o
                0x00104694                qrcodegen_makeAlphanumeric
 .text.qrcodegen_encodeText
                0x001048c0      0x1fc qrcodegen.o
                0x001048c0                qrcodegen_encodeText
 .text.gfxPresentFramebuffer
                0x00104abc       0xcc C:/devkitPro/libctru/lib\libctru.a(gfx.o)
 .text.gfxSetScreenFormat
                0x00104b88       0xf8 C:/devkitPro/libctru/lib\libctru.a(gfx.o)
                0x00104b88                gfxSetScreenFormat
 .text.gfxInit  0x00104c80       0xd8 C:/devkitPro/libctru/lib\libctru.a(gfx.o)
                0x00104c80                gfxInit
 .text.gfxInitDefault
                0x00104d58       0x10 C:/devkitPro/libctru/lib\libctru.a(gfx.o)
                0x00104d58                gfxInitDefault
 .text.gfxExit  0x00104d68       0xb8 C:/devkitPro/libctru/lib\libctru.a(gfx.o)
                0x00104d68                gfxExit
 .text.gfxGetFramebuffer
                0x00104e20       0xa0 C:/devkitPro/libctru/lib\libctru.a(gfx.o)
                0x00104e20                gfxGetFramebuffer
 .text.gfxFlushBuffers
                0x00104ec0      0x100 C:/devkitPro/libctru/lib\libctru.a(gfx.o)
                0x00104ec0                gfxFlushBuffers
 .text.gfxSwapBuffers
                0x00104fc0       0x50 C:/devkitPro/libctru/lib\libctru.a(gfx.o)
                0x00104fc0                gfxSwapBuffers
 .text.aptConvertScreenForCapture
                0x00105010      0x180 C:/devkitPro/libctru/lib\libctru.a(apt.o)
 .text.aptDspSleep
                0x00105190        0x8 C:/devkitPro/libctru/lib\libctru.a(apt.o)
                0x00105190                aptDspSleep
 .text.aptDspWakeup
                0x00105198        0x4 C:/devkitPro/libctru/lib\libctru.a(apt.o)
                0x00105198                aptDspWakeup
 .text.aptDspCancel
                0x0010519c        0x4 C:/devkitPro/libctru/lib\libctru.a(apt.o)
                0x0010519c                aptDspCancel
 .text.aptSendCommand
                0x001051a0      0x138 C:/devkitPro/libctru/lib\libctru.a(apt.o)
                0x001051a0                aptSendCommand
 .text.aptExitProcess
                0x001052d8       0x44 C:/devkitPro/libctru/lib\libctru.a(apt.o)
 .text.aptExit  0x0010531c      0x394 C:/devkitPro/libctru/lib\libctru.a(apt.o)
                0x0010531c                aptExit
 .text.aptHandleSleep
                0x001056b0       0xd8 C:/devkitPro/libctru/lib\libctru.a(apt.o)
                0x001056b0                aptHandleSleep
 .text.APT_SleepIfShellClosed
                0x00105788       0x84 C:/devkitPro/libctru/lib\libctru.a(apt.o)
                0x00105788                APT_SleepIfShellClosed
 .text.aptSetSleepAllowed
                0x0010580c       0x78 C:/devkitPro/libctru/lib\libctru.a(apt.o)
                0x0010580c                aptSetSleepAllowed
 .text.APT_UnlockTransition
                0x00105884       0x84 C:/devkitPro/libctru/lib\libctru.a(apt.o)
                0x00105884                APT_UnlockTransition
 .text.aptEventHandler
                0x00105908      0x470 C:/devkitPro/libctru/lib\libctru.a(apt.o)
 .text.APT_ReceiveParameter
                0x00105d78       0xbc C:/devkitPro/libctru/lib\libctru.a(apt.o)
                0x00105d78                APT_ReceiveParameter
 .text.aptReceiveParameter.constprop.0
                0x00105e34       0xb0 C:/devkitPro/libctru/lib\libctru.a(apt.o)
 *fill*         0x00105ee4        0x4 
 .text.aptScreenTransfer
                0x00105ee8      0x294 C:/devkitPro/libctru/lib\libctru.a(apt.o)
 .text.aptWaitForWakeUp.isra.0
                0x0010617c      0x2d0 C:/devkitPro/libctru/lib\libctru.a(apt.o)
 .text.aptJumpToHomeMenu
                0x0010644c       0xf4 C:/devkitPro/libctru/lib\libctru.a(apt.o)
                0x0010644c                aptJumpToHomeMenu
 .text.aptMainLoop
                0x00106540       0x58 C:/devkitPro/libctru/lib\libctru.a(apt.o)
                0x00106540                aptMainLoop
 .text.aptInit  0x00106598      0x240 C:/devkitPro/libctru/lib\libctru.a(apt.o)
                0x00106598                aptInit
 .text.APT_CheckNew3DS
                0x001067d8       0x90 C:/devkitPro/libctru/lib\libctru.a(apt.o)
                0x001067d8                APT_CheckNew3DS
 .text.gspHardwareInit
                0x00106868      0xc70 C:/devkitPro/libctru/lib\libctru.a(gspgpu.o)
 .text.gspInit  0x001074d8      0x288 C:/devkitPro/libctru/lib\libctru.a(gspgpu.o)
                0x001074d8                gspInit
 .text.gspExit  0x00107760      0x104 C:/devkitPro/libctru/lib\libctru.a(gspgpu.o)
                0x00107760                gspExit
 .text.gspHasGpuRight
                0x00107864       0x10 C:/devkitPro/libctru/lib\libctru.a(gspgpu.o)
                0x00107864                gspHasGpuRight
 .text.gspPresentBuffer
                0x00107874       0xa4 C:/devkitPro/libctru/lib\libctru.a(gspgpu.o)
                0x00107874                gspPresentBuffer
 .text.gspWaitForEvent
                0x00107918       0x50 C:/devkitPro/libctru/lib\libctru.a(gspgpu.o)
                0x00107918                gspWaitForEvent
 .text.gxCmdQueueInterrupt
                0x00107968        0x4 C:/devkitPro/libctru/lib\libctru.a(gspgpu.o)
                0x00107968                gxCmdQueueInterrupt
 .text.gspEventThreadMain
                0x0010796c      0x154 C:/devkitPro/libctru/lib\libctru.a(gspgpu.o)
 .text.GSPGPU_FlushDataCache
                0x00107ac0       0x50 C:/devkitPro/libctru/lib\libctru.a(gspgpu.o)
                0x00107ac0                GSPGPU_FlushDataCache
 .text.GSPGPU_SetLcdForceBlack
                0x00107b10       0x34 C:/devkitPro/libctru/lib\libctru.a(gspgpu.o)
                0x00107b10                GSPGPU_SetLcdForceBlack
 .text.GSPGPU_AcquireRight
                0x00107b44       0x84 C:/devkitPro/libctru/lib\libctru.a(gspgpu.o)
                0x00107b44                GSPGPU_AcquireRight
 .text.GSPGPU_ReleaseRight
                0x00107bc8       0x64 C:/devkitPro/libctru/lib\libctru.a(gspgpu.o)
                0x00107bc8                GSPGPU_ReleaseRight
 .text.GSPGPU_ImportDisplayCaptureInfo
                0x00107c2c       0x7c C:/devkitPro/libctru/lib\libctru.a(gspgpu.o)
                0x00107c2c                GSPGPU_ImportDisplayCaptureInfo
 .text.GSPGPU_SaveVramSysArea
                0x00107ca8       0x2c C:/devkitPro/libctru/lib\libctru.a(gspgpu.o)
                0x00107ca8                GSPGPU_SaveVramSysArea
 .text.GSPGPU_RestoreVramSysArea
                0x00107cd4       0x2c C:/devkitPro/libctru/lib\libctru.a(gspgpu.o)
                0x00107cd4                GSPGPU_RestoreVramSysArea
 .text.hidShouldUseIrrst
                0x00107d00       0x24 C:/devkitPro/libctru/lib\libctru.a(hid.o)
                0x00107d00                hidShouldUseIrrst
 .text.hidInit  0x00107d24      0x1cc C:/devkitPro/libctru/lib\libctru.a(hid.o)
                0x00107d24                hidInit
 .text.hidExit  0x00107ef0       0xe8 C:/devkitPro/libctru/lib\libctru.a(hid.o)
                0x00107ef0                hidExit
 .text.hidScanInput
                0x00107fd8      0x2a0 C:/devkitPro/libctru/lib\libctru.a(hid.o)
                0x00107fd8                hidScanInput
 .text.hidKeysHeld
                0x00108278       0x10 C:/devkitPro/libctru/lib\libctru.a(hid.o)
                0x00108278                hidKeysHeld
 .text.hidKeysDown
                0x00108288       0x10 C:/devkitPro/libctru/lib\libctru.a(hid.o)
                0x00108288                hidKeysDown
 .text.hidTouchRead
                0x00108298       0x18 C:/devkitPro/libctru/lib\libctru.a(hid.o)
                0x00108298                hidTouchRead
 .text.irrstInit
                0x001082b0      0x1a4 C:/devkitPro/libctru/lib\libctru.a(irrst.o)
                0x001082b0                irrstInit
 .text.irrstExit
                0x00108454       0xdc C:/devkitPro/libctru/lib\libctru.a(irrst.o)
                0x00108454                irrstExit
 .text.irrstScanInput
                0x00108530       0xb4 C:/devkitPro/libctru/lib\libctru.a(irrst.o)
                0x00108530                irrstScanInput
 .text.irrstKeysHeld
                0x001085e4       0x24 C:/devkitPro/libctru/lib\libctru.a(irrst.o)
                0x001085e4                irrstKeysHeld
 .text.__libctru_init
                0x00108608       0x38 C:/devkitPro/libctru/lib\libctru.a(ctru_init.o)
                0x00108608                __libctru_init
 .text.__system_initArgv
                0x00108640      0x16c C:/devkitPro/libctru/lib\libctru.a(initArgv.o)
                0x00108640                __system_initArgv
 .text.__syscall_getreent
                0x001087ac       0x30 C:/devkitPro/libctru/lib\libctru.a(syscalls.o)
                0x001087ac                __syscall_getreent
 .text.__syscall_lock_acquire
                0x001087dc        0x4 C:/devkitPro/libctru/lib\libctru.a(syscalls.o)
                0x001087dc                __syscall_lock_acquire
 .text.__syscall_lock_release
                0x001087e0        0x4 C:/devkitPro/libctru/lib\libctru.a(syscalls.o)
                0x001087e0                __syscall_lock_release
 .text.__syscall_lock_acquire_recursive
                0x001087e4        0x4 C:/devkitPro/libctru/lib\libctru.a(syscalls.o)
                0x001087e4                __syscall_lock_acquire_recursive
 .text.__syscall_lock_release_recursive
                0x001087e8        0x4 C:/devkitPro/libctru/lib\libctru.a(syscalls.o)
                0x001087e8                __syscall_lock_release_recursive
 .text.__syscall_exit
                0x001087ec        0x4 C:/devkitPro/libctru/lib\libctru.a(syscalls.o)
                0x001087ec                __syscall_exit
 .text.initThreadVars
                0x001087f0       0x54 C:/devkitPro/libctru/lib\libctru.a(syscalls.o)
                0x001087f0                initThreadVars
 .text.__system_initSyscalls
                0x00108844       0x80 C:/devkitPro/libctru/lib\libctru.a(syscalls.o)
                0x00108844                __system_initSyscalls
 .text.svcControlMemory
                0x001088c4       0x20 C:/devkitPro/libctru/lib\libctru.a(svc.o)
                0x001088c4                svcControlMemory
 .text.svcQueryMemory
                0x001088e4       0x30 C:/devkitPro/libctru/lib\libctru.a(svc.o)
                0x001088e4                svcQueryMemory
 .text.svcExitProcess
                0x00108914        0x8 C:/devkitPro/libctru/lib\libctru.a(svc.o)
                0x00108914                svcExitProcess
 .text.svcCreateThread
                0x0010891c       0x20 C:/devkitPro/libctru/lib\libctru.a(svc.o)
                0x0010891c                svcCreateThread
 .text.svcExitThread
                0x0010893c        0x8 C:/devkitPro/libctru/lib\libctru.a(svc.o)
                0x0010893c                svcExitThread
 .text.svcSleepThread
                0x00108944        0x8 C:/devkitPro/libctru/lib\libctru.a(svc.o)
                0x00108944                svcSleepThread
 .text.svcReleaseMutex
                0x0010894c        0x8 C:/devkitPro/libctru/lib\libctru.a(svc.o)
                0x0010894c                svcReleaseMutex
 .text.svcCreateEvent
                0x00108954       0x14 C:/devkitPro/libctru/lib\libctru.a(svc.o)
                0x00108954                svcCreateEvent
 .text.svcSignalEvent
                0x00108968        0x8 C:/devkitPro/libctru/lib\libctru.a(svc.o)
                0x00108968                svcSignalEvent
 .text.svcClearEvent
                0x00108970        0x8 C:/devkitPro/libctru/lib\libctru.a(svc.o)
                0x00108970                svcClearEvent
 .text.svcMapMemoryBlock
                0x00108978        0x8 C:/devkitPro/libctru/lib\libctru.a(svc.o)
                0x00108978                svcMapMemoryBlock
 .text.svcUnmapMemoryBlock
                0x00108980        0x8 C:/devkitPro/libctru/lib\libctru.a(svc.o)
                0x00108980                svcUnmapMemoryBlock
 .text.svcCreateAddressArbiter
                0x00108988       0x14 C:/devkitPro/libctru/lib\libctru.a(svc.o)
                0x00108988                svcCreateAddressArbiter
 .text.svcArbitrateAddressNoTimeout
                0x0010899c        0x8 C:/devkitPro/libctru/lib\libctru.a(svc.o)
                0x0010899c                svcArbitrateAddressNoTimeout
 .text.svcCloseHandle
                0x001089a4        0x8 C:/devkitPro/libctru/lib\libctru.a(svc.o)
                0x001089a4                svcCloseHandle
 .text.svcWaitSynchronization
                0x001089ac        0x8 C:/devkitPro/libctru/lib\libctru.a(svc.o)
                0x001089ac                svcWaitSynchronization
 .text.svcWaitSynchronizationN
                0x001089b4       0x28 C:/devkitPro/libctru/lib\libctru.a(svc.o)
                0x001089b4                svcWaitSynchronizationN
 .text.svcDuplicateHandle
                0x001089dc       0x14 C:/devkitPro/libctru/lib\libctru.a(svc.o)
                0x001089dc                svcDuplicateHandle
 .text.svcConnectToPort
                0x001089f0       0x14 C:/devkitPro/libctru/lib\libctru.a(svc.o)
                0x001089f0                svcConnectToPort
 .text.svcSendSyncRequest
                0x00108a04        0x8 C:/devkitPro/libctru/lib\libctru.a(svc.o)
                0x00108a04                svcSendSyncRequest
 .text.svcGetResourceLimit
                0x00108a0c       0x14 C:/devkitPro/libctru/lib\libctru.a(svc.o)
                0x00108a0c                svcGetResourceLimit
 .text.svcGetResourceLimitLimitValues
                0x00108a20        0x8 C:/devkitPro/libctru/lib\libctru.a(svc.o)
                0x00108a20                svcGetResourceLimitLimitValues
 .text.svcGetResourceLimitCurrentValues
                0x00108a28        0x8 C:/devkitPro/libctru/lib\libctru.a(svc.o)
                0x00108a28                svcGetResourceLimitCurrentValues
 .text.svcBreak
                0x00108a30        0x8 C:/devkitPro/libctru/lib\libctru.a(svc.o)
                0x00108a30                svcBreak
 .text.initSystem
                0x00108a38       0x50 C:/devkitPro/libctru/lib\libctru.a(stack_adjust.o)
                0x00108a38                initSystem
 .text.__ctru_exit
                0x00108a88       0x14 C:/devkitPro/libctru/lib\libctru.a(stack_adjust.o)
                0x00108a88                __ctru_exit
 .text._ZL21addrMapNodeComparatorPK11rbtree_nodeS1_
                0x00108a9c       0x24 C:/devkitPro/libctru/lib\libctru.a(linear.o)
 .text._ZL21addrMapNodeDestructorP11rbtree_node
                0x00108ac0        0x4 C:/devkitPro/libctru/lib\libctru.a(linear.o)
 .text.linearMemAlign
                0x00108ac4      0x12c C:/devkitPro/libctru/lib\libctru.a(linear.o)
                0x00108ac4                linearMemAlign
 .text.linearAlloc
                0x00108bf0        0x8 C:/devkitPro/libctru/lib\libctru.a(linear.o)
                0x00108bf0                linearAlloc
 .text.linearFree
                0x00108bf8       0x5c C:/devkitPro/libctru/lib\libctru.a(linear.o)
                0x00108bf8                linearFree
 .text._ZN7MemPool13CoalesceRightEP8MemBlock
                0x00108c54       0x88 C:/devkitPro/libctru/lib\libctru.a(mem_pool.o)
                0x00108c54                MemPool::CoalesceRight(MemBlock*)
 .text._ZN7MemPool8AllocateER8MemChunkmi
                0x00108cdc      0x178 C:/devkitPro/libctru/lib\libctru.a(mem_pool.o)
                0x00108cdc                MemPool::Allocate(MemChunk&, unsigned long, int)
 .text._ZN7MemPool10DeallocateERK8MemChunk
                0x00108e54      0x118 C:/devkitPro/libctru/lib\libctru.a(mem_pool.o)
                0x00108e54                MemPool::Deallocate(MemChunk const&)
 .text._ZN7MemPool12GetFreeSpaceEv
                0x00108f6c       0x30 C:/devkitPro/libctru/lib\libctru.a(mem_pool.o)
                0x00108f6c                MemPool::GetFreeSpace()
 .text._ZL21addrMapNodeComparatorPK11rbtree_nodeS1_
                0x00108f9c       0x24 C:/devkitPro/libctru/lib\libctru.a(vram.o)
 .text._ZL21addrMapNodeDestructorP11rbtree_node
                0x00108fc0        0x4 C:/devkitPro/libctru/lib\libctru.a(vram.o)
 .text.vramMemAlignAt
                0x00108fc4      0x248 C:/devkitPro/libctru/lib\libctru.a(vram.o)
                0x00108fc4                vramMemAlignAt
 .text.vramAlloc
                0x0010920c        0xc C:/devkitPro/libctru/lib\libctru.a(vram.o)
                0x0010920c                vramAlloc
 .text.vramFree
                0x00109218       0x94 C:/devkitPro/libctru/lib\libctru.a(vram.o)
                0x00109218                vramFree
 .text.envGetHandle
                0x001092ac       0x8c C:/devkitPro/libctru/lib\libctru.a(env.o)
                0x001092ac                envGetHandle
 .text.envDestroyHandles
                0x00109338       0x50 C:/devkitPro/libctru/lib\libctru.a(env.o)
                0x00109338                envDestroyHandles
 .text.__ctru_speedup_config
                0x00109388       0x34 C:/devkitPro/libctru/lib\libctru.a(os.o)
                0x00109388                __ctru_speedup_config
 .text.srvInit  0x001093bc      0x164 C:/devkitPro/libctru/lib\libctru.a(srv.o)
                0x001093bc                srvInit
 .text.srvExit  0x00109520       0x64 C:/devkitPro/libctru/lib\libctru.a(srv.o)
                0x00109520                srvExit
 .text.srvEnableNotification
                0x00109584       0x60 C:/devkitPro/libctru/lib\libctru.a(srv.o)
                0x00109584                srvEnableNotification
 .text.srvGetServiceHandleDirect
                0x001095e4       0xa0 C:/devkitPro/libctru/lib\libctru.a(srv.o)
                0x001095e4                srvGetServiceHandleDirect
 .text.srvGetServiceHandle
                0x00109684       0x48 C:/devkitPro/libctru/lib\libctru.a(srv.o)
                0x00109684                srvGetServiceHandle
 .text.srvSubscribe
                0x001096cc       0x34 C:/devkitPro/libctru/lib\libctru.a(srv.o)
                0x001096cc                srvSubscribe
 .text.srvReceiveNotification
                0x00109700       0x60 C:/devkitPro/libctru/lib\libctru.a(srv.o)
                0x00109700                srvReceiveNotification
 .text.srvPublishToSubscriber
                0x00109760       0x38 C:/devkitPro/libctru/lib\libctru.a(srv.o)
                0x00109760                srvPublishToSubscriber
 .text.__sync_init
                0x00109798        0xc C:/devkitPro/libctru/lib\libctru.a(synchronization.o)
                0x00109798                __sync_init
 .text.__sync_fini
                0x001097a4       0x18 C:/devkitPro/libctru/lib\libctru.a(synchronization.o)
                0x001097a4                __sync_fini
 .text.syncArbitrateAddress
                0x001097bc       0x28 C:/devkitPro/libctru/lib\libctru.a(synchronization.o)
                0x001097bc                syncArbitrateAddress
 .text.LightLock_Lock
                0x001097e4       0xac C:/devkitPro/libctru/lib\libctru.a(synchronization.o)
                0x001097e4                LightLock_Lock
 .text.LightLock_Unlock
                0x00109890       0x40 C:/devkitPro/libctru/lib\libctru.a(synchronization.o)
                0x00109890                LightLock_Unlock
 .text.RecursiveLock_Lock
                0x001098d0       0x54 C:/devkitPro/libctru/lib\libctru.a(synchronization.o)
                0x001098d0                RecursiveLock_Lock
 .text.RecursiveLock_Unlock
                0x00109924       0x54 C:/devkitPro/libctru/lib\libctru.a(synchronization.o)
                0x00109924                RecursiveLock_Unlock
 .text.LightEvent_Init
                0x00109978       0x44 C:/devkitPro/libctru/lib\libctru.a(synchronization.o)
                0x00109978                LightEvent_Init
 .text.LightEvent_Clear
                0x001099bc       0xb8 C:/devkitPro/libctru/lib\libctru.a(synchronization.o)
                0x001099bc                LightEvent_Clear
 .text.LightEvent_Signal
                0x00109a74       0xdc C:/devkitPro/libctru/lib\libctru.a(synchronization.o)
                0x00109a74                LightEvent_Signal
 .text.LightEvent_TryWait
                0x00109b50       0x50 C:/devkitPro/libctru/lib\libctru.a(synchronization.o)
                0x00109b50                LightEvent_TryWait
 .text.LightEvent_Wait
                0x00109ba0       0xac C:/devkitPro/libctru/lib\libctru.a(synchronization.o)
                0x00109ba0                LightEvent_Wait
 .text.threadCreate
                0x00109c4c      0x1fc C:/devkitPro/libctru/lib\libctru.a(thread.o)
                0x00109c4c                threadCreate
 .text.threadFree
                0x00109e48       0x38 C:/devkitPro/libctru/lib\libctru.a(thread.o)
                0x00109e48                threadFree
 .text.threadJoin
                0x00109e80       0x24 C:/devkitPro/libctru/lib\libctru.a(thread.o)
                0x00109e80                threadJoin
 .text.threadGetCurrent
                0x00109ea4       0x30 C:/devkitPro/libctru/lib\libctru.a(thread.o)
                0x00109ea4                threadGetCurrent
 .text.threadExit
                0x00109ed4       0x40 C:/devkitPro/libctru/lib\libctru.a(thread.o)
                0x00109ed4                threadExit
 .text._thread_begin
                0x00109f14       0x20 C:/devkitPro/libctru/lib\libctru.a(thread.o)
 .text.mappableFindAddressWithin
                0x00109f34       0x90 C:/devkitPro/libctru/lib\libctru.a(mappable.o)
 .text.mappableInit
                0x00109fc4       0x28 C:/devkitPro/libctru/lib\libctru.a(mappable.o)
                0x00109fc4                mappableInit
 .text.mappableAlloc
                0x00109fec       0x7c C:/devkitPro/libctru/lib\libctru.a(mappable.o)
                0x00109fec                mappableAlloc
 .text.mappableFree
                0x0010a068        0x4 C:/devkitPro/libctru/lib\libctru.a(mappable.o)
                0x0010a068                mappableFree
 .text.ptmSysmInit
                0x0010a06c       0x78 C:/devkitPro/libctru/lib\libctru.a(ptmsysm.o)
                0x0010a06c                ptmSysmInit
 .text.ptmSysmExit
                0x0010a0e4       0x3c C:/devkitPro/libctru/lib\libctru.a(ptmsysm.o)
                0x0010a0e4                ptmSysmExit
 .text.PTMSYSM_ConfigureNew3DSCPU
                0x0010a120       0x34 C:/devkitPro/libctru/lib\libctru.a(ptmsysm.o)
                0x0010a120                PTMSYSM_ConfigureNew3DSCPU
 .text.srvPmGetSessionHandle
                0x0010a154        0xc C:/devkitPro/libctru/lib\libctru.a(srvpm.o)
                0x0010a154                srvPmGetSessionHandle
 .text.rbtree_find
                0x0010a160       0x74 C:/devkitPro/libctru/lib\libctru.a(rbtree_find.o)
                0x0010a160                rbtree_find
 .text.rbtree_init
                0x0010a1d4       0x10 C:/devkitPro/libctru/lib\libctru.a(rbtree_init.o)
                0x0010a1d4                rbtree_init
 .text.do_insert
                0x0010a1e4      0x198 C:/devkitPro/libctru/lib\libctru.a(rbtree_insert.o)
 .text.rbtree_insert
                0x0010a37c        0x8 C:/devkitPro/libctru/lib\libctru.a(rbtree_insert.o)
                0x0010a37c                rbtree_insert
 .text.rbtree_remove
                0x0010a384      0x310 C:/devkitPro/libctru/lib\libctru.a(rbtree_remove.o)
                0x0010a384                rbtree_remove
 .text.rbtree_rotate
                0x0010a694       0x90 C:/devkitPro/libctru/lib\libctru.a(rbtree_rotate.o)
                0x0010a694                rbtree_rotate
 *fill*         0x0010a724        0x4 
 .text.__system_allocateHeaps
                0x0010a728      0x1e8 C:/devkitPro/libctru/lib\libctru.a(allocateHeaps.o)
                0x0010a728                __system_allocateHeaps
 .text.__appExit
                0x0010a910       0x30 C:/devkitPro/libctru/lib\libctru.a(appExit.o)
                0x0010a910                __appExit
 .text.__appInit
                0x0010a940       0x30 C:/devkitPro/libctru/lib\libctru.a(appInit.o)
                0x0010a940                __appInit
 .text.__libctru_exit
                0x0010a970       0x90 C:/devkitPro/libctru/lib\libctru.a(ctru_exit.o)
                0x0010a970                __libctru_exit
 .text.error_cmp
                0x0010aa00       0x24 C:/devkitPro/libctru/lib\libctru.a(archive_dev.o)
 .text.archive_translate_error
                0x0010aa24       0x50 C:/devkitPro/libctru/lib\libctru.a(archive_dev.o)
 .text.archive_seek
                0x0010aa74       0xc0 C:/devkitPro/libctru/lib\libctru.a(archive_dev.o)
 .text._archiveInit.part.0
                0x0010ab34       0x78 C:/devkitPro/libctru/lib\libctru.a(archive_dev.o)
 .text.archiveFindDevice.part.0
                0x0010abac      0x110 C:/devkitPro/libctru/lib\libctru.a(archive_dev.o)
 .text.archive_utf16path
                0x0010acbc      0x298 C:/devkitPro/libctru/lib\libctru.a(archive_dev.o)
 .text._archiveUnmountDeviceStruct.part.0
                0x0010af54       0x98 C:/devkitPro/libctru/lib\libctru.a(archive_dev.o)
 .text._archiveMountDevice
                0x0010afec      0x178 C:/devkitPro/libctru/lib\libctru.a(archive_dev.o)
 .text.archive_diropen
                0x0010b164       0xf8 C:/devkitPro/libctru/lib\libctru.a(archive_dev.o)
 .text.archive_fstat
                0x0010b25c       0xac C:/devkitPro/libctru/lib\libctru.a(archive_dev.o)
 .text.archive_fsync
                0x0010b308       0x74 C:/devkitPro/libctru/lib\libctru.a(archive_dev.o)
 .text.archive_close
                0x0010b37c       0x74 C:/devkitPro/libctru/lib\libctru.a(archive_dev.o)
 .text.archive_dirclose
                0x0010b3f0       0x78 C:/devkitPro/libctru/lib\libctru.a(archive_dev.o)
 .text.sdmc_statvfs
                0x0010b468       0xec C:/devkitPro/libctru/lib\libctru.a(archive_dev.o)
 .text.archive_chdir
                0x0010b554       0xf8 C:/devkitPro/libctru/lib\libctru.a(archive_dev.o)
 .text.archive_ftruncate
                0x0010b64c       0x8c C:/devkitPro/libctru/lib\libctru.a(archive_dev.o)
 .text.archive_read
                0x0010b6d8       0xbc C:/devkitPro/libctru/lib\libctru.a(archive_dev.o)
 .text.archive_unlink
                0x0010b794       0xa8 C:/devkitPro/libctru/lib\libctru.a(archive_dev.o)
 .text.archive_rmdir
                0x0010b83c       0xc0 C:/devkitPro/libctru/lib\libctru.a(archive_dev.o)
 .text.archive_mkdir
                0x0010b8fc       0xd8 C:/devkitPro/libctru/lib\libctru.a(archive_dev.o)
 .text.archive_stat
                0x0010b9d4      0x1a0 C:/devkitPro/libctru/lib\libctru.a(archive_dev.o)
 .text.archive_dirnext
                0x0010bb74      0x164 C:/devkitPro/libctru/lib\libctru.a(archive_dev.o)
 .text.archive_write
                0x0010bcd8      0x13c C:/devkitPro/libctru/lib\libctru.a(archive_dev.o)
 *fill*         0x0010be14        0x4 
 .text.archive_open
                0x0010be18      0x254 C:/devkitPro/libctru/lib\libctru.a(archive_dev.o)
 .text.archive_rename
                0x0010c06c      0x270 C:/devkitPro/libctru/lib\libctru.a(archive_dev.o)
 .text.archiveMountSdmc
                0x0010c2dc      0x1c8 C:/devkitPro/libctru/lib\libctru.a(archive_dev.o)
                0x0010c2dc                archiveMountSdmc
 .text.archiveUnmountAll
                0x0010c4a4       0x54 C:/devkitPro/libctru/lib\libctru.a(archive_dev.o)
                0x0010c4a4                archiveUnmountAll
 .text.fsInit   0x0010c4f8      0x104 C:/devkitPro/libctru/lib\libctru.a(fs.o)
                0x0010c4f8                fsInit
 .text.fsExit   0x0010c5fc       0x3c C:/devkitPro/libctru/lib\libctru.a(fs.o)
                0x0010c5fc                fsExit
 .text.fsExemptFromSession
                0x0010c638       0x68 C:/devkitPro/libctru/lib\libctru.a(fs.o)
                0x0010c638                fsExemptFromSession
 .text.fsUnexemptFromSession
                0x0010c6a0       0x50 C:/devkitPro/libctru/lib\libctru.a(fs.o)
                0x0010c6a0                fsUnexemptFromSession
 .text.FSUSER_OpenFile
                0x0010c6f0       0xcc C:/devkitPro/libctru/lib\libctru.a(fs.o)
                0x0010c6f0                FSUSER_OpenFile
 .text.FSUSER_DeleteFile
                0x0010c7bc       0xb8 C:/devkitPro/libctru/lib\libctru.a(fs.o)
                0x0010c7bc                FSUSER_DeleteFile
 .text.FSUSER_RenameFile
                0x0010c874       0xf4 C:/devkitPro/libctru/lib\libctru.a(fs.o)
                0x0010c874                FSUSER_RenameFile
 .text.FSUSER_DeleteDirectory
                0x0010c968       0xb8 C:/devkitPro/libctru/lib\libctru.a(fs.o)
                0x0010c968                FSUSER_DeleteDirectory
 .text.FSUSER_CreateFile
                0x0010ca20       0xd0 C:/devkitPro/libctru/lib\libctru.a(fs.o)
                0x0010ca20                FSUSER_CreateFile
 .text.FSUSER_CreateDirectory
                0x0010caf0       0xc0 C:/devkitPro/libctru/lib\libctru.a(fs.o)
                0x0010caf0                FSUSER_CreateDirectory
 .text.FSUSER_RenameDirectory
                0x0010cbb0       0xf4 C:/devkitPro/libctru/lib\libctru.a(fs.o)
                0x0010cbb0                FSUSER_RenameDirectory
 .text.FSUSER_OpenDirectory
                0x0010cca4       0xb4 C:/devkitPro/libctru/lib\libctru.a(fs.o)
                0x0010cca4                FSUSER_OpenDirectory
 .text.FSUSER_OpenArchive
                0x0010cd58       0x90 C:/devkitPro/libctru/lib\libctru.a(fs.o)
                0x0010cd58                FSUSER_OpenArchive
 .text.FSUSER_CloseArchive
                0x0010cde8       0x8c C:/devkitPro/libctru/lib\libctru.a(fs.o)
                0x0010cde8                FSUSER_CloseArchive
 .text.FSUSER_GetSdmcArchiveResource
                0x0010ce74       0x74 C:/devkitPro/libctru/lib\libctru.a(fs.o)
                0x0010ce74                FSUSER_GetSdmcArchiveResource
 .text.FSUSER_IsSdmcWritable
                0x0010cee8       0x64 C:/devkitPro/libctru/lib\libctru.a(fs.o)
                0x0010cee8                FSUSER_IsSdmcWritable
 .text.FSFILE_Read
                0x0010cf4c       0x64 C:/devkitPro/libctru/lib\libctru.a(fs.o)
                0x0010cf4c                FSFILE_Read
 .text.FSFILE_Write
                0x0010cfb0       0x6c C:/devkitPro/libctru/lib\libctru.a(fs.o)
                0x0010cfb0                FSFILE_Write
 .text.FSFILE_GetSize
                0x0010d01c       0x44 C:/devkitPro/libctru/lib\libctru.a(fs.o)
                0x0010d01c                FSFILE_GetSize
 .text.FSFILE_SetSize
                0x0010d060       0x28 C:/devkitPro/libctru/lib\libctru.a(fs.o)
                0x0010d060                FSFILE_SetSize
 .text.FSFILE_Close
                0x0010d088       0x3c C:/devkitPro/libctru/lib\libctru.a(fs.o)
                0x0010d088                FSFILE_Close
 .text.FSFILE_Flush
                0x0010d0c4       0x24 C:/devkitPro/libctru/lib\libctru.a(fs.o)
                0x0010d0c4                FSFILE_Flush
 .text.FSDIR_Read
                0x0010d0e8       0x60 C:/devkitPro/libctru/lib\libctru.a(fs.o)
                0x0010d0e8                FSDIR_Read
 .text.FSDIR_Close
                0x0010d148       0x3c C:/devkitPro/libctru/lib\libctru.a(fs.o)
                0x0010d148                FSDIR_Close
 .text.rbtree_node_next
                0x0010d184       0x60 C:/devkitPro/libctru/lib\libctru.a(rbtree_iterator.o)
                0x0010d184                rbtree_node_next
 .text.decode_utf8
                0x0010d1e4      0x140 C:/devkitPro/libctru/lib\libctru.a(decode_utf8.o)
                0x0010d1e4                decode_utf8
 .text.utf16_to_utf8
                0x0010d324       0xe8 C:/devkitPro/libctru/lib\libctru.a(utf16_to_utf8.o)
                0x0010d324                utf16_to_utf8
 .text.utf8_to_utf16
                0x0010d40c       0xc0 C:/devkitPro/libctru/lib\libctru.a(utf8_to_utf16.o)
                0x0010d40c                utf8_to_utf16
 .text.__aeabi_read_tp
                0x0010d4cc        0xc C:/devkitPro/libctru/lib\libctru.a(readtp.o)
                0x0010d4cc                __aeabi_read_tp
 .text.decode_utf16
                0x0010d4d8       0x54 C:/devkitPro/libctru/lib\libctru.a(decode_utf16.o)
                0x0010d4d8                decode_utf16
 .text.encode_utf16
                0x0010d52c       0x54 C:/devkitPro/libctru/lib\libctru.a(encode_utf16.o)
                0x0010d52c                encode_utf16
 .text.encode_utf8
                0x0010d580       0xe0 C:/devkitPro/libctru/lib\libctru.a(encode_utf8.o)
                0x0010d580                encode_utf8
 .text.sqrtf    0x0010d660       0x50 C:/devkitPro/devkitARM/bin/../lib/gcc/arm-none-eabi/16.1.0/../../../../arm-none-eabi/lib/armv6k/fpu\libm.a(libm_a-wf_sqrt.o)
                0x0010d660                sqrtf
 .text.__ieee754_sqrtf
                0x0010d6b0        0x8 C:/devkitPro/devkitARM/bin/../lib/gcc/arm-none-eabi/16.1.0/../../../../arm-none-eabi/lib/armv6k/fpu\libm.a(libm_a-ef_sqrt.o)
                0x0010d6b0                __ieee754_sqrtf
 .text.__udivmoddi4
                0x0010d6b8      0x130 C:/devkitPro/devkitARM/bin/../lib/gcc/arm-none-eabi/16.1.0/armv6k/fpu\libgcc.a(_udivmoddi4.o)
                0x0010d6b8                __udivmoddi4
 .text.strncat  0x0010d7e8       0xe4 C:/devkitPro/devkitARM/bin/../lib/gcc/arm-none-eabi/16.1.0/../../../../arm-none-eabi/lib/armv6k/fpu\libg.a(libc_a-strncat.o)
                0x0010d7e8                strncat
 .text.memcpy   0x0010d8cc      0x128 C:/devkitPro/devkitARM/bin/../lib/gcc/arm-none-eabi/16.1.0/../../../../arm-none-eabi/lib/armv6k/fpu\libg.a(libc_a-memcpy-stub.o)
                0x0010d8cc                memcpy
 .text.__assert_func
                0x0010d9f4       0x5c C:/devkitPro/devkitARM/bin/../lib/gcc/arm-none-eabi/16.1.0/../../../../arm-none-eabi/lib/armv6k/fpu\libg.a(libc_a-assert.o)
                0x0010d9f4                __assert_func
 .text.strlen   0x0010da50       0x8c C:/devkitPro/devkitARM/bin/../lib/gcc/arm-none-eabi/16.1.0/../../../../arm-none-eabi/lib/armv6k/fpu\libg.a(libc_a-strlen.o)
                0x0010da50                strlen
 .text.bsearch  0x0010dadc       0x78 C:/devkitPro/devkitARM/bin/../lib/gcc/arm-none-eabi/16.1.0/../../../../arm-none-eabi/lib/armv6k/fpu\libg.a(libc_a-bsearch.o)
                0x0010dadc                bsearch
 .text.memalign
                0x0010db54       0x28 C:/devkitPro/devkitARM/bin/../lib/gcc/arm-none-eabi/16.1.0/../../../../arm-none-eabi/lib/armv6k/fpu\libg.a(libc_a-malign.o)
                0x0010db54                memalign
 .text._strtoul_l.isra.0
                0x0010db7c      0x1ec C:/devkitPro/devkitARM/bin/../lib/gcc/arm-none-eabi/16.1.0/../../../../arm-none-eabi/lib/armv6k/fpu\libg.a(libc_a-strtoul.o)
 .text.strtoul  0x0010dd68       0x3c C:/devkitPro/devkitARM/bin/../lib/gcc/arm-none-eabi/16.1.0/../../../../arm-none-eabi/lib/armv6k/fpu\libg.a(libc_a-strtoul.o)
                0x0010dd68                strtoul
 .text.fiprintf
                0x0010dda4       0x3c C:/devkitPro/devkitARM/bin/../lib/gcc/arm-none-eabi/16.1.0/../../../../arm-none-eabi/lib/armv6k/fpu\libg.a(libc_a-fiprintf.o)
                0x0010dda4                fiprintf
 .text.strchr   0x0010dde0      0x140 C:/devkitPro/devkitARM/bin/../lib/gcc/arm-none-eabi/16.1.0/../../../../arm-none-eabi/lib/armv6k/fpu\libg.a(libc_a-strchr.o)
                0x0010dde0                strchr
 .text._memalign_r
                0x0010df20      0x16c C:/devkitPro/devkitARM/bin/../lib/gcc/arm-none-eabi/16.1.0/../../../../arm-none-eabi/lib/armv6k/fpu\libg.a(libc_a-malignr.o)
                0x0010df20                _memalign_r
 .text.__errno  0x0010e08c        0xc C:/devkitPro/devkitARM/bin/../lib/gcc/arm-none-eabi/16.1.0/../../../../arm-none-eabi/lib/armv6k/fpu\libg.a(libc_a-errno.o)
                0x0010e08c                __errno
 .text.abort    0x0010e098       0x14 C:/devkitPro/devkitARM/bin/../lib/gcc/arm-none-eabi/16.1.0/../../../../arm-none-eabi/lib/armv6k/fpu\libg.a(libc_a-abort.o)
                0x0010e098                abort
 .text.memset   0x0010e0ac       0xe4 C:/devkitPro/devkitARM/bin/../lib/gcc/arm-none-eabi/16.1.0/../../../../arm-none-eabi/lib/armv6k/fpu\libg.a(libc_a-memset.o)
                0x0010e0ac                memset
 .text.__sflush_r
                0x0010e190      0x22c C:/devkitPro/devkitARM/bin/../lib/gcc/arm-none-eabi/16.1.0/../../../../arm-none-eabi/lib/armv6k/fpu\libg.a(libc_a-fflush.o)
                0x0010e190                __sflush_r
 .text._fflush_r
                0x0010e3bc       0xc4 C:/devkitPro/devkitARM/bin/../lib/gcc/arm-none-eabi/16.1.0/../../../../arm-none-eabi/lib/armv6k/fpu\libg.a(libc_a-fflush.o)
                0x0010e3bc                _fflush_r
 .text._malloc_r
                0x0010e480      0x82c C:/devkitPro/devkitARM/bin/../lib/gcc/arm-none-eabi/16.1.0/../../../../arm-none-eabi/lib/armv6k/fpu\libg.a(libc_a-mallocr.o)
                0x0010e480                _malloc_r
 .text._malloc_trim_r
                0x0010ecac      0x114 C:/devkitPro/devkitARM/bin/../lib/gcc/arm-none-eabi/16.1.0/../../../../arm-none-eabi/lib/armv6k/fpu\libg.a(libc_a-freer.o)
                0x0010ecac                _malloc_trim_r
 .text._free_r  0x0010edc0      0x314 C:/devkitPro/devkitARM/bin/../lib/gcc/arm-none-eabi/16.1.0/../../../../arm-none-eabi/lib/armv6k/fpu\libg.a(libc_a-freer.o)
                0x0010edc0                _free_r
 .text.stdio_exit_handler
                0x0010f0d4       0x1c C:/devkitPro/devkitARM/bin/../lib/gcc/arm-none-eabi/16.1.0/../../../../arm-none-eabi/lib/armv6k/fpu\libg.a(libc_a-findfp.o)
 .text.cleanup_stdio
                0x0010f0f0       0x5c C:/devkitPro/devkitARM/bin/../lib/gcc/arm-none-eabi/16.1.0/../../../../arm-none-eabi/lib/armv6k/fpu\libg.a(libc_a-findfp.o)
 .text.global_stdio_init.part.0
                0x0010f14c      0x154 C:/devkitPro/devkitARM/bin/../lib/gcc/arm-none-eabi/16.1.0/../../../../arm-none-eabi/lib/armv6k/fpu\libg.a(libc_a-findfp.o)
 .text.__sinit  0x0010f2a0       0x5c C:/devkitPro/devkitARM/bin/../lib/gcc/arm-none-eabi/16.1.0/../../../../arm-none-eabi/lib/armv6k/fpu\libg.a(libc_a-findfp.o)
                0x0010f2a0                __sinit
 .text.__sfp_lock_acquire
                0x0010f2fc        0xc C:/devkitPro/devkitARM/bin/../lib/gcc/arm-none-eabi/16.1.0/../../../../arm-none-eabi/lib/armv6k/fpu\libg.a(libc_a-findfp.o)
                0x0010f2fc                __sfp_lock_acquire
 .text.__sfp_lock_release
                0x0010f308        0xc C:/devkitPro/devkitARM/bin/../lib/gcc/arm-none-eabi/16.1.0/../../../../arm-none-eabi/lib/armv6k/fpu\libg.a(libc_a-findfp.o)
                0x0010f308                __sfp_lock_release
 .text.__libc_init_array
                0x0010f314       0x84 C:/devkitPro/devkitARM/bin/../lib/gcc/arm-none-eabi/16.1.0/../../../../arm-none-eabi/lib/armv6k/fpu\libg.a(libc_a-init.o)
                0x0010f314                __libc_init_array
 .text.strncpy  0x0010f398       0xd4 C:/devkitPro/devkitARM/bin/../lib/gcc/arm-none-eabi/16.1.0/../../../../arm-none-eabi/lib/armv6k/fpu\libg.a(libc_a-strncpy.o)
                0x0010f398                strncpy
 .text.malloc   0x0010f46c       0x40 C:/devkitPro/devkitARM/bin/../lib/gcc/arm-none-eabi/16.1.0/../../../../arm-none-eabi/lib/armv6k/fpu\libg.a(libc_a-malloc.o)
                0x0010f46c                malloc
 .text.free     0x0010f4ac       0x20 C:/devkitPro/devkitARM/bin/../lib/gcc/arm-none-eabi/16.1.0/../../../../arm-none-eabi/lib/armv6k/fpu\libg.a(libc_a-malloc.o)
                0x0010f4ac                free
 .text.__sread  0x0010f4cc       0x44 C:/devkitPro/devkitARM/bin/../lib/gcc/arm-none-eabi/16.1.0/../../../../arm-none-eabi/lib/armv6k/fpu\libg.a(libc_a-stdio.o)
                0x0010f4cc                __sread
 .text.__swrite
                0x0010f510       0x68 C:/devkitPro/devkitARM/bin/../lib/gcc/arm-none-eabi/16.1.0/../../../../arm-none-eabi/lib/armv6k/fpu\libg.a(libc_a-stdio.o)
                0x0010f510                __swrite
 .text.__sseek  0x0010f578       0x40 C:/devkitPro/devkitARM/bin/../lib/gcc/arm-none-eabi/16.1.0/../../../../arm-none-eabi/lib/armv6k/fpu\libg.a(libc_a-stdio.o)
                0x0010f578                __sseek
 .text.__sclose
                0x0010f5b8        0x8 C:/devkitPro/devkitARM/bin/../lib/gcc/arm-none-eabi/16.1.0/../../../../arm-none-eabi/lib/armv6k/fpu\libg.a(libc_a-stdio.o)
                0x0010f5b8                __sclose
 .text.memmove  0x0010f5c0      0x1a8 C:/devkitPro/devkitARM/bin/../lib/gcc/arm-none-eabi/16.1.0/../../../../arm-none-eabi/lib/armv6k/fpu\libg.a(libc_a-memmove.o)
                0x0010f5c0                memmove
 .text.__malloc_lock
                0x0010f768        0xc C:/devkitPro/devkitARM/bin/../lib/gcc/arm-none-eabi/16.1.0/../../../../arm-none-eabi/lib/armv6k/fpu\libg.a(libc_a-mlock.o)
                0x0010f768                __malloc_lock
 .text.__malloc_unlock
                0x0010f774        0xc C:/devkitPro/devkitARM/bin/../lib/gcc/arm-none-eabi/16.1.0/../../../../arm-none-eabi/lib/armv6k/fpu\libg.a(libc_a-mlock.o)
                0x0010f774                __malloc_unlock
 .text._fclose_r
                0x0010f780      0x148 C:/devkitPro/devkitARM/bin/../lib/gcc/arm-none-eabi/16.1.0/../../../../arm-none-eabi/lib/armv6k/fpu\libg.a(libc_a-fclose.o)
                0x0010f780                _fclose_r
 .text.__call_exitprocs
                0x0010f8c8        0x4 C:/devkitPro/devkitARM/bin/../lib/gcc/arm-none-eabi/16.1.0/../../../../arm-none-eabi/lib/armv6k/fpu\libg.a(libc_a-exit.o)
                0x0010f8c8                __call_exitprocs
 .text.exit     0x0010f8cc       0x30 C:/devkitPro/devkitARM/bin/../lib/gcc/arm-none-eabi/16.1.0/../../../../arm-none-eabi/lib/armv6k/fpu\libg.a(libc_a-exit.o)
                0x0010f8cc                exit
 .text.__libc_fini_array
                0x0010f8fc       0x3c C:/devkitPro/devkitARM/bin/../lib/gcc/arm-none-eabi/16.1.0/../../../../arm-none-eabi/lib/armv6k/fpu\libg.a(libc_a-fini.o)
                0x0010f8fc                __libc_fini_array
 .text.strnlen  0x0010f938       0x3c C:/devkitPro/devkitARM/bin/../lib/gcc/arm-none-eabi/16.1.0/../../../../arm-none-eabi/lib/armv6k/fpu\libg.a(libc_a-strnlen.o)
                0x0010f938                strnlen
 .text.get_arg  0x0010f974      0x5e0 C:/devkitPro/devkitARM/bin/../lib/gcc/arm-none-eabi/16.1.0/../../../../arm-none-eabi/lib/armv6k/fpu\libg.a(libc_a-vfiprintf.o)
 .text._vfiprintf_r
                0x0010ff54     0x22f8 C:/devkitPro/devkitARM/bin/../lib/gcc/arm-none-eabi/16.1.0/../../../../arm-none-eabi/lib/armv6k/fpu\libg.a(libc_a-vfiprintf.o)
                0x0010ff54                _vfiprintf_r
 .text.__sbprintf
                0x0011224c       0xb4 C:/devkitPro/devkitARM/bin/../lib/gcc/arm-none-eabi/16.1.0/../../../../arm-none-eabi/lib/armv6k/fpu\libg.a(libc_a-vfiprintf.o)
 .text.strncmp  0x00112300       0xd8 C:/devkitPro/devkitARM/bin/../lib/gcc/arm-none-eabi/16.1.0/../../../../arm-none-eabi/lib/armv6k/fpu\libg.a(libc_a-strncmp.o)
                0x00112300                strncmp
 .text._fwalk_sglue
                0x001123d8       0x70 C:/devkitPro/devkitARM/bin/../lib/gcc/arm-none-eabi/16.1.0/../../../../arm-none-eabi/lib/armv6k/fpu\libg.a(libc_a-fwalk.o)
                0x001123d8                _fwalk_sglue
 .text._wcrtomb_r
                0x00112448       0xa0 C:/devkitPro/devkitARM/bin/../lib/gcc/arm-none-eabi/16.1.0/../../../../arm-none-eabi/lib/armv6k/fpu\libg.a(libc_a-wcrtomb.o)
                0x00112448                _wcrtomb_r
 .text._raise_r
                0x001124e8       0x9c C:/devkitPro/devkitARM/bin/../lib/gcc/arm-none-eabi/16.1.0/../../../../arm-none-eabi/lib/armv6k/fpu\libg.a(libc_a-signal.o)
                0x001124e8                _raise_r
 .text.raise    0x00112584       0x20 C:/devkitPro/devkitARM/bin/../lib/gcc/arm-none-eabi/16.1.0/../../../../arm-none-eabi/lib/armv6k/fpu\libg.a(libc_a-signal.o)
                0x00112584                raise
 .text.__locale_mb_cur_max
                0x001125a4       0x24 C:/devkitPro/devkitARM/bin/../lib/gcc/arm-none-eabi/16.1.0/../../../../arm-none-eabi/lib/armv6k/fpu\libg.a(libc_a-locale.o)
                0x001125a4                __locale_mb_cur_max
 .text.__sprint_r
                0x001125c8       0x30 C:/devkitPro/devkitARM/bin/../lib/gcc/arm-none-eabi/16.1.0/../../../../arm-none-eabi/lib/armv6k/fpu\libg.a(libc_a-sprint_r.o)
                0x001125c8                __sprint_r
 .text.memchr   0x001125f8       0xe8 C:/devkitPro/devkitARM/bin/../lib/gcc/arm-none-eabi/16.1.0/../../../../arm-none-eabi/lib/armv6k/fpu\libg.a(libc_a-memchr-stub.o)
                0x001125f8                memchr
 .text._wcsrtombs_r
                0x001126e0       0x28 C:/devkitPro/devkitARM/bin/../lib/gcc/arm-none-eabi/16.1.0/../../../../arm-none-eabi/lib/armv6k/fpu\libg.a(libc_a-wcsrtombs.o)
                0x001126e0                _wcsrtombs_r
 .text.__swsetup_r
                0x00112708      0x140 C:/devkitPro/devkitARM/bin/../lib/gcc/arm-none-eabi/16.1.0/../../../../arm-none-eabi/lib/armv6k/fpu\libg.a(libc_a-wsetup.o)
                0x00112708                __swsetup_r
 .text._localeconv_r
                0x00112848       0x24 C:/devkitPro/devkitARM/bin/../lib/gcc/arm-none-eabi/16.1.0/../../../../arm-none-eabi/lib/armv6k/fpu\libg.a(libc_a-localeconv.o)
                0x00112848                _localeconv_r
 .text.__utf8_wctomb
                0x0011286c       0xf8 C:/devkitPro/devkitARM/bin/../lib/gcc/arm-none-eabi/16.1.0/../../../../arm-none-eabi/lib/armv6k/fpu\libg.a(libc_a-wctomb_r.o)
                0x0011286c                __utf8_wctomb
 .text._wcsnrtombs_l
                0x00112964      0x15c C:/devkitPro/devkitARM/bin/../lib/gcc/arm-none-eabi/16.1.0/../../../../arm-none-eabi/lib/armv6k/fpu\libg.a(libc_a-wcsnrtombs.o)
                0x00112964                _wcsnrtombs_l
 .text._wcsnrtombs_r
                0x00112ac0       0x64 C:/devkitPro/devkitARM/bin/../lib/gcc/arm-none-eabi/16.1.0/../../../../arm-none-eabi/lib/armv6k/fpu\libg.a(libc_a-wcsnrtombs.o)
                0x00112ac0                _wcsnrtombs_r
 .text.__utf8_mbtowc
                0x00112b24      0x340 C:/devkitPro/devkitARM/bin/../lib/gcc/arm-none-eabi/16.1.0/../../../../arm-none-eabi/lib/armv6k/fpu\libg.a(libc_a-mbtowc_r.o)
                0x00112b24                __utf8_mbtowc
 .text.__sfvwrite_r
                0x00112e64      0x4a4 C:/devkitPro/devkitARM/bin/../lib/gcc/arm-none-eabi/16.1.0/../../../../arm-none-eabi/lib/armv6k/fpu\libg.a(libc_a-fvwrite.o)
                0x00112e64                __sfvwrite_r
 .text.__smakebuf_r
                0x00113308      0x164 C:/devkitPro/devkitARM/bin/../lib/gcc/arm-none-eabi/16.1.0/../../../../arm-none-eabi/lib/armv6k/fpu\libg.a(libc_a-makebuf.o)
                0x00113308                __smakebuf_r
 .text._realloc_r
                0x0011346c      0x4f0 C:/devkitPro/devkitARM/bin/../lib/gcc/arm-none-eabi/16.1.0/../../../../arm-none-eabi/lib/armv6k/fpu\libg.a(libc_a-reallocr.o)
                0x0011346c                _realloc_r
 .text._exit    0x0011395c       0x20 C:/devkitPro/devkitARM/bin/../lib/gcc/arm-none-eabi/16.1.0/../../../../arm-none-eabi/lib/armv6k/fpu\libsysbase.a(libsysbase_libsysbase_a-_exit.o)
                0x0011395c                _exit
 .text.chdir    0x0011397c      0x140 C:/devkitPro/devkitARM/bin/../lib/gcc/arm-none-eabi/16.1.0/../../../../arm-none-eabi/lib/armv6k/fpu\libsysbase.a(libsysbase_libsysbase_a-chdir.o)
                0x0011397c                chdir
 .text._concatenate_path
                0x00113abc      0x1c8 C:/devkitPro/devkitARM/bin/../lib/gcc/arm-none-eabi/16.1.0/../../../../arm-none-eabi/lib/armv6k/fpu\libsysbase.a(libsysbase_libsysbase_a-concatenate.o)
                0x00113abc                _concatenate_path
 .text._fstat_r
                0x00113c84       0x9c C:/devkitPro/devkitARM/bin/../lib/gcc/arm-none-eabi/16.1.0/../../../../arm-none-eabi/lib/armv6k/fpu\libsysbase.a(libsysbase_libsysbase_a-fstat.o)
                0x00113c84                _fstat_r
 .text._getpid_r
                0x00113d20       0x14 C:/devkitPro/devkitARM/bin/../lib/gcc/arm-none-eabi/16.1.0/../../../../arm-none-eabi/lib/armv6k/fpu\libsysbase.a(libsysbase_libsysbase_a-getpid.o)
                0x00113d20                _getpid_r
 .text.__getreent
                0x00113d34       0x2c C:/devkitPro/devkitARM/bin/../lib/gcc/arm-none-eabi/16.1.0/../../../../arm-none-eabi/lib/armv6k/fpu\libsysbase.a(libsysbase_libsysbase_a-getreent.o)
                0x00113d34                __getreent
 .text.__get_handle
                0x00113d60       0x58 C:/devkitPro/devkitARM/bin/../lib/gcc/arm-none-eabi/16.1.0/../../../../arm-none-eabi/lib/armv6k/fpu\libsysbase.a(libsysbase_libsysbase_a-handle_manager.o)
                0x00113d60                __get_handle
 .text._close_r
                0x00113db8      0x110 C:/devkitPro/devkitARM/bin/../lib/gcc/arm-none-eabi/16.1.0/../../../../arm-none-eabi/lib/armv6k/fpu\libsysbase.a(libsysbase_libsysbase_a-handle_manager.o)
                0x00113db8                _close_r
 .text.null_write
                0x00113ec8        0x8 C:/devkitPro/devkitARM/bin/../lib/gcc/arm-none-eabi/16.1.0/../../../../arm-none-eabi/lib/armv6k/fpu\libsysbase.a(libsysbase_libsysbase_a-iosupport.o)
 .text.setDefaultDevice
                0x00113ed0       0x18 C:/devkitPro/devkitARM/bin/../lib/gcc/arm-none-eabi/16.1.0/../../../../arm-none-eabi/lib/armv6k/fpu\libsysbase.a(libsysbase_libsysbase_a-iosupport.o)
                0x00113ed0                setDefaultDevice
 .text.FindDevice
                0x00113ee8       0x98 C:/devkitPro/devkitARM/bin/../lib/gcc/arm-none-eabi/16.1.0/../../../../arm-none-eabi/lib/armv6k/fpu\libsysbase.a(libsysbase_libsysbase_a-iosupport.o)
                0x00113ee8                FindDevice
 .text.RemoveDevice
                0x00113f80       0x24 C:/devkitPro/devkitARM/bin/../lib/gcc/arm-none-eabi/16.1.0/../../../../arm-none-eabi/lib/armv6k/fpu\libsysbase.a(libsysbase_libsysbase_a-iosupport.o)
                0x00113f80                RemoveDevice
 .text.AddDevice
                0x00113fa4       0x88 C:/devkitPro/devkitARM/bin/../lib/gcc/arm-none-eabi/16.1.0/../../../../arm-none-eabi/lib/armv6k/fpu\libsysbase.a(libsysbase_libsysbase_a-iosupport.o)
                0x00113fa4                AddDevice
 .text.GetDeviceOpTab
                0x0011402c       0x20 C:/devkitPro/devkitARM/bin/../lib/gcc/arm-none-eabi/16.1.0/../../../../arm-none-eabi/lib/armv6k/fpu\libsysbase.a(libsysbase_libsysbase_a-iosupport.o)
                0x0011402c                GetDeviceOpTab
 .text._isatty_r
                0x0011404c        0x8 C:/devkitPro/devkitARM/bin/../lib/gcc/arm-none-eabi/16.1.0/../../../../arm-none-eabi/lib/armv6k/fpu\libsysbase.a(libsysbase_libsysbase_a-isatty.o)
                0x0011404c                _isatty_r
 .text._kill_r  0x00114054       0x14 C:/devkitPro/devkitARM/bin/../lib/gcc/arm-none-eabi/16.1.0/../../../../arm-none-eabi/lib/armv6k/fpu\libsysbase.a(libsysbase_libsysbase_a-kill.o)
                0x00114054                _kill_r
 .text._lseek_r
                0x00114068       0x94 C:/devkitPro/devkitARM/bin/../lib/gcc/arm-none-eabi/16.1.0/../../../../arm-none-eabi/lib/armv6k/fpu\libsysbase.a(libsysbase_libsysbase_a-lseek.o)
                0x00114068                _lseek_r
 .text._read_r  0x001140fc       0x94 C:/devkitPro/devkitARM/bin/../lib/gcc/arm-none-eabi/16.1.0/../../../../arm-none-eabi/lib/armv6k/fpu\libsysbase.a(libsysbase_libsysbase_a-read.o)
                0x001140fc                _read_r
 .text._sbrk_r  0x00114190       0x78 C:/devkitPro/devkitARM/bin/../lib/gcc/arm-none-eabi/16.1.0/../../../../arm-none-eabi/lib/armv6k/fpu\libsysbase.a(libsysbase_libsysbase_a-sbrk.o)
                0x00114190                _sbrk_r
 .text.__libc_lock_acquire
                0x00114208       0x1c C:/devkitPro/devkitARM/bin/../lib/gcc/arm-none-eabi/16.1.0/../../../../arm-none-eabi/lib/armv6k/fpu\libsysbase.a(libsysbase_libsysbase_a-syscall_support.o)
                0x00114208                __libc_lock_acquire
 .text.__libc_lock_release
                0x00114224       0x1c C:/devkitPro/devkitARM/bin/../lib/gcc/arm-none-eabi/16.1.0/../../../../arm-none-eabi/lib/armv6k/fpu\libsysbase.a(libsysbase_libsysbase_a-syscall_support.o)
                0x00114224                __libc_lock_release
 .text.__libc_lock_acquire_recursive
                0x00114240       0x1c C:/devkitPro/devkitARM/bin/../lib/gcc/arm-none-eabi/16.1.0/../../../../arm-none-eabi/lib/armv6k/fpu\libsysbase.a(libsysbase_libsysbase_a-syscall_support.o)
                0x00114240                __libc_lock_acquire_recursive
 .text.__libc_lock_release_recursive
                0x0011425c       0x1c C:/devkitPro/devkitARM/bin/../lib/gcc/arm-none-eabi/16.1.0/../../../../arm-none-eabi/lib/armv6k/fpu\libsysbase.a(libsysbase_libsysbase_a-syscall_support.o)
                0x0011425c                __libc_lock_release_recursive
 .text._write_r
                0x00114278       0x94 C:/devkitPro/devkitARM/bin/../lib/gcc/arm-none-eabi/16.1.0/../../../../arm-none-eabi/lib/armv6k/fpu\libsysbase.a(libsysbase_libsysbase_a-write.o)
                0x00114278                _write_r
 .text.strrchr  0x0011430c       0x48 C:/devkitPro/devkitARM/bin/../lib/gcc/arm-none-eabi/16.1.0/../../../../arm-none-eabi/lib/armv6k/fpu\libg.a(libc_a-strrchr.o)
                0x0011430c                strrchr
 *(.glue_7)
 .glue_7        0x00114354        0x0 linker stubs
 *(.glue_7t)
 .glue_7t       0x00114354        0x0 linker stubs
 *(.stub)
 *(.gnu.warning)
 *(.gnu.linkonce.t*)
                0x00114354                        . = ALIGN (0x4)
 *(.fini)
 .fini          0x00114354        0xc C:/devkitPro/devkitARM/bin/../lib/gcc/arm-none-eabi/16.1.0/armv6k/fpu/crti.o
                0x00114354                _fini
 .fini          0x00114360        0xc C:/devkitPro/devkitARM/bin/../lib/gcc/arm-none-eabi/16.1.0/armv6k/fpu/crtn.o
                0x0011436c                        . = ALIGN (0x4)

.vfp11_veneer   0x0011436c        0x0
 .vfp11_veneer  0x0011436c        0x0 linker stubs

.v4_bx          0x0011436c        0x0
 .v4_bx         0x0011436c        0x0 linker stubs

.iplt           0x0011436c        0x0
 .iplt          0x0011436c        0x0 C:/devkitPro/devkitARM/bin/../lib/gcc/arm-none-eabi/16.1.0/../../../../arm-none-eabi/lib/armv6k/fpu/3dsx_crt0.o
                0x00115000                        . = ALIGN (0x1000)

.rodata         0x00115000     0x1464
 *(.rodata)
 .rodata        0x00115000      0x338 main_test.o
 .rodata        0x00115338      0x3ba qrcodegen.o
 *fill*         0x001156f2        0x2 
 .rodata        0x001156f4        0xc C:/devkitPro/libctru/lib\libctru.a(archive_dev.o)
 *(.roda)
 *(.rodata.*)
 .rodata.str1.4
                0x00115700      0x7e0 main_test.o
                                0x103 (size before relaxing)
 .rodata.str1.4
                0x00115ee0        0x0 qrcodegen.o
                                0x5c9 (size before relaxing)
 .rodata.aptEventHandler
                0x00115ee0        0xb C:/devkitPro/libctru/lib\libctru.a(apt.o)
 .rodata.aptWaitForWakeUp.isra.0
                0x00115eeb       0x11 C:/devkitPro/libctru/lib\libctru.a(apt.o)
 .rodata.morton_y.2
                0x00115efc        0x8 C:/devkitPro/libctru/lib\libctru.a(apt.o)
 .rodata.morton_x.3
                0x00115f04        0x8 C:/devkitPro/libctru/lib\libctru.a(apt.o)
 .rodata.s_sleepWakeEvents.4
                0x00115f0c        0x8 C:/devkitPro/libctru/lib\libctru.a(apt.o)
 .rodata.str1.4
                0x00115f14        0x0 C:/devkitPro/libctru/lib\libctru.a(apt.o)
                                 0x16 (size before relaxing)
 .rodata.serviceNameTable.5
                0x00115f14        0xc C:/devkitPro/libctru/lib\libctru.a(apt.o)
 .rodata.gspInit.str1.4
                0x00115f20        0x0 C:/devkitPro/libctru/lib\libctru.a(gspgpu.o)
                                  0x9 (size before relaxing)
 .rodata.hidInit.str1.4
                0x00115f20        0x0 C:/devkitPro/libctru/lib\libctru.a(hid.o)
                                 0x15 (size before relaxing)
 .rodata.irrstInit.str1.4
                0x00115f20        0x0 C:/devkitPro/libctru/lib\libctru.a(irrst.o)
                                  0x7 (size before relaxing)
 .rodata.__system_initArgv.str1.4
                0x00115f20        0x0 C:/devkitPro/libctru/lib\libctru.a(initArgv.o)
                                  0xa (size before relaxing)
 .rodata.srvInit.str1.4
                0x00115f20        0x0 C:/devkitPro/libctru/lib\libctru.a(srv.o)
                                  0x5 (size before relaxing)
 .rodata.ptmSysmInit.str1.4
                0x00115f20        0x0 C:/devkitPro/libctru/lib\libctru.a(ptmsysm.o)
                                  0x9 (size before relaxing)
 .rodata.archive_utf16path.str1.4
                0x00115f20        0x0 C:/devkitPro/libctru/lib\libctru.a(archive_dev.o)
                                  0x2 (size before relaxing)
 .rodata._archiveUnmountDeviceStruct.part.0.str1.4
                0x00115f20        0x0 C:/devkitPro/libctru/lib\libctru.a(archive_dev.o)
                                  0x2 (size before relaxing)
 .rodata._archiveMountDevice.str1.4
                0x00115f20        0x0 C:/devkitPro/libctru/lib\libctru.a(archive_dev.o)
                                  0xc (size before relaxing)
 .rodata.archiveMountSdmc.str1.4
                0x00115f20        0x0 C:/devkitPro/libctru/lib\libctru.a(archive_dev.o)
                                  0x5 (size before relaxing)
 .rodata.error_table
                0x00115f20       0x30 C:/devkitPro/libctru/lib\libctru.a(archive_dev.o)
 .rodata.str1.4
                0x00115f50        0x0 C:/devkitPro/libctru/lib\libctru.a(archive_dev.o)
                                  0x8 (size before relaxing)
 .rodata.archive_devoptab
                0x00115f50       0x80 C:/devkitPro/libctru/lib\libctru.a(archive_dev.o)
 .rodata.fsInit.str1.4
                0x00115fd0        0x0 C:/devkitPro/libctru/lib\libctru.a(fs.o)
                                  0x8 (size before relaxing)
 .rodata.__assert_func.str1.4
                0x00115fd0        0x0 C:/devkitPro/devkitARM/bin/../lib/gcc/arm-none-eabi/16.1.0/../../../../arm-none-eabi/lib/armv6k/fpu\libg.a(libc_a-assert.o)
                                 0x43 (size before relaxing)
 .rodata.get_arg
                0x00115fd0       0x34 C:/devkitPro/devkitARM/bin/../lib/gcc/arm-none-eabi/16.1.0/../../../../arm-none-eabi/lib/armv6k/fpu\libg.a(libc_a-vfiprintf.o)
 .rodata._vfiprintf_r.str1.1
                0x00116004       0x29 C:/devkitPro/devkitARM/bin/../lib/gcc/arm-none-eabi/16.1.0/../../../../arm-none-eabi/lib/armv6k/fpu\libg.a(libc_a-vfiprintf.o)
 *fill*         0x0011602d        0x1 
 .rodata._vfiprintf_r
                0x0011602e       0xb6 C:/devkitPro/devkitARM/bin/../lib/gcc/arm-none-eabi/16.1.0/../../../../arm-none-eabi/lib/armv6k/fpu\libg.a(libc_a-vfiprintf.o)
 .rodata.zeroes.0
                0x001160e4       0x10 C:/devkitPro/devkitARM/bin/../lib/gcc/arm-none-eabi/16.1.0/../../../../arm-none-eabi/lib/armv6k/fpu\libg.a(libc_a-vfiprintf.o)
 .rodata.blanks.1
                0x001160f4       0x10 C:/devkitPro/devkitARM/bin/../lib/gcc/arm-none-eabi/16.1.0/../../../../arm-none-eabi/lib/armv6k/fpu\libg.a(libc_a-vfiprintf.o)
 .rodata._ctype_
                0x00116104      0x101 C:/devkitPro/devkitARM/bin/../lib/gcc/arm-none-eabi/16.1.0/../../../../arm-none-eabi/lib/armv6k/fpu\libg.a(libc_a-ctype_.o)
                0x00116104                _ctype_
 *fill*         0x00116205        0x3 
 .rodata.__action_table
                0x00116208       0x6c C:/devkitPro/devkitARM/bin/../lib/gcc/arm-none-eabi/16.1.0/../../../../arm-none-eabi/lib/armv6k/fpu\libg.a(libc_a-svfiprintf.o)
                0x00116208                __action_table
 .rodata.__state_table
                0x00116274       0x6c C:/devkitPro/devkitARM/bin/../lib/gcc/arm-none-eabi/16.1.0/../../../../arm-none-eabi/lib/armv6k/fpu\libg.a(libc_a-svfiprintf.o)
                0x00116274                __state_table
 .rodata.__chclass
                0x001162e0      0x100 C:/devkitPro/devkitARM/bin/../lib/gcc/arm-none-eabi/16.1.0/../../../../arm-none-eabi/lib/armv6k/fpu\libg.a(libc_a-svfiprintf.o)
                0x001162e0                __chclass
 .rodata.str1.4
                0x001163e0        0x0 C:/devkitPro/devkitARM/bin/../lib/gcc/arm-none-eabi/16.1.0/../../../../arm-none-eabi/lib/armv6k/fpu\libg.a(libc_a-locale.o)
                                 0x4c (size before relaxing)
 .rodata.str1.4
                0x001163e0        0x0 C:/devkitPro/devkitARM/bin/../lib/gcc/arm-none-eabi/16.1.0/../../../../arm-none-eabi/lib/armv6k/fpu\libsysbase.a(libsysbase_libsysbase_a-iosupport.o)
                                  0x8 (size before relaxing)
 .rodata.dotab_stdnull
                0x001163e0       0x80 C:/devkitPro/devkitARM/bin/../lib/gcc/arm-none-eabi/16.1.0/../../../../arm-none-eabi/lib/armv6k/fpu\libsysbase.a(libsysbase_libsysbase_a-iosupport.o)
                0x001163e0                dotab_stdnull
 *all.rodata*(*)
 *(.gnu.linkonce.r*)
                0x00116460                        . = ALIGN (0x4)
                0x00116460                        __tdata_align = .
                0x00116460        0x4 LONG 0x4 ALIGNOF (.tdata)
                0x00116464                        . = ALIGN (0x4)

.eh_frame       0x00116464        0x0
 .eh_frame      0x00116464        0x0 C:/devkitPro/devkitARM/bin/../lib/gcc/arm-none-eabi/16.1.0/armv6k/fpu/crtbegin.o

.rel.dyn        0x00116464        0x0
 .rel.iplt      0x00116464        0x0 C:/devkitPro/devkitARM/bin/../lib/gcc/arm-none-eabi/16.1.0/../../../../arm-none-eabi/lib/armv6k/fpu/3dsx_crt0.o
 .rel.got       0x00116464        0x0 C:/devkitPro/devkitARM/bin/../lib/gcc/arm-none-eabi/16.1.0/../../../../arm-none-eabi/lib/armv6k/fpu/3dsx_crt0.o

.ARM.extab
 *(.ARM.extab* .gnu.linkonce.armextab.*)
                0x00116464                        __exidx_start = .

.ARM.exidx
 *(.ARM.exidx* .gnu.linkonce.armexidx.*)
                0x00116464                        __exidx_end = .
                0x00117000                        . = ALIGN (0x1000)

.data           0x00117000     0x1d3c
 *(.data)
 *(.data.*)
 .data.aptChainloadDeliverArgSize
                0x00117000        0x4 C:/devkitPro/libctru/lib\libctru.a(apt.o)
 .data.kCount   0x00117004        0x4 C:/devkitPro/libctru/lib\libctru.a(hid.o)
 .data.kInterval
                0x00117008        0x4 C:/devkitPro/libctru/lib\libctru.a(hid.o)
 .data.kDelay   0x0011700c        0x4 C:/devkitPro/libctru/lib\libctru.a(hid.o)
 .data.__stacksize__
                0x00117010        0x4 C:/devkitPro/libctru/lib\libctru.a(stack_adjust.o)
                0x00117010                __stacksize__
 .data._impure_ptr
                0x00117014        0x4 C:/devkitPro/devkitARM/bin/../lib/gcc/arm-none-eabi/16.1.0/../../../../arm-none-eabi/lib/armv6k/fpu\libg.a(libc_a-impure.o)
                0x00117014                _impure_ptr
 .data._impure_data
                0x00117018      0x200 C:/devkitPro/devkitARM/bin/../lib/gcc/arm-none-eabi/16.1.0/../../../../arm-none-eabi/lib/armv6k/fpu\libg.a(libc_a-impure.o)
                0x00117018                _impure_data
 .data.__malloc_sbrk_base
                0x00117218        0x4 C:/devkitPro/devkitARM/bin/../lib/gcc/arm-none-eabi/16.1.0/../../../../arm-none-eabi/lib/armv6k/fpu\libg.a(libc_a-mallocr.o)
                0x00117218                __malloc_sbrk_base
 .data.__malloc_trim_threshold
                0x0011721c        0x4 C:/devkitPro/devkitARM/bin/../lib/gcc/arm-none-eabi/16.1.0/../../../../arm-none-eabi/lib/armv6k/fpu\libg.a(libc_a-mallocr.o)
                0x0011721c                __malloc_trim_threshold
 .data.__malloc_av_
                0x00117220      0x408 C:/devkitPro/devkitARM/bin/../lib/gcc/arm-none-eabi/16.1.0/../../../../arm-none-eabi/lib/armv6k/fpu\libg.a(libc_a-mallocr.o)
                0x00117220                __malloc_av_
 .data.__sglue  0x00117628        0xc C:/devkitPro/devkitARM/bin/../lib/gcc/arm-none-eabi/16.1.0/../../../../arm-none-eabi/lib/armv6k/fpu\libg.a(libc_a-findfp.o)
                0x00117628                __sglue
 .data.__global_locale
                0x00117634      0x254 C:/devkitPro/devkitARM/bin/../lib/gcc/arm-none-eabi/16.1.0/../../../../arm-none-eabi/lib/armv6k/fpu\libg.a(libc_a-locale.o)
                0x00117634                __global_locale
 .data._current_working_directory
                0x00117888      0x400 C:/devkitPro/devkitARM/bin/../lib/gcc/arm-none-eabi/16.1.0/../../../../arm-none-eabi/lib/armv6k/fpu\libsysbase.a(libsysbase_libsysbase_a-chdir.o)
 .data.handles  0x00117c88     0x1000 C:/devkitPro/devkitARM/bin/../lib/gcc/arm-none-eabi/16.1.0/../../../../arm-none-eabi/lib/armv6k/fpu\libsysbase.a(libsysbase_libsysbase_a-handle_manager.o)
 .data.__stderr_handle
                0x00118c88        0xc C:/devkitPro/devkitARM/bin/../lib/gcc/arm-none-eabi/16.1.0/../../../../arm-none-eabi/lib/armv6k/fpu\libsysbase.a(libsysbase_libsysbase_a-handle_manager.o)
 .data.__stdout_handle
                0x00118c94        0xc C:/devkitPro/devkitARM/bin/../lib/gcc/arm-none-eabi/16.1.0/../../../../arm-none-eabi/lib/armv6k/fpu\libsysbase.a(libsysbase_libsysbase_a-handle_manager.o)
 .data.__stdin_handle
                0x00118ca0        0xc C:/devkitPro/devkitARM/bin/../lib/gcc/arm-none-eabi/16.1.0/../../../../arm-none-eabi/lib/armv6k/fpu\libsysbase.a(libsysbase_libsysbase_a-handle_manager.o)
 .data.devoptab_list
                0x00118cac       0x8c C:/devkitPro/devkitARM/bin/../lib/gcc/arm-none-eabi/16.1.0/../../../../arm-none-eabi/lib/armv6k/fpu\libsysbase.a(libsysbase_libsysbase_a-iosupport.o)
                0x00118cac                devoptab_list
 .data.defaultDevice
                0x00118d38        0x4 C:/devkitPro/devkitARM/bin/../lib/gcc/arm-none-eabi/16.1.0/../../../../arm-none-eabi/lib/armv6k/fpu\libsysbase.a(libsysbase_libsysbase_a-iosupport.o)
 *(.gnu.linkonce.d*)
                0x00118d3c                        . = ALIGN (0x4)

.igot.plt       0x00118d3c        0x0
 .igot.plt      0x00118d3c        0x0 C:/devkitPro/devkitARM/bin/../lib/gcc/arm-none-eabi/16.1.0/../../../../arm-none-eabi/lib/armv6k/fpu/3dsx_crt0.o

.got            0x00118d3c        0x8
 .got           0x00118d3c        0x8 C:/devkitPro/devkitARM/bin/../lib/gcc/arm-none-eabi/16.1.0/../../../../arm-none-eabi/lib/armv6k/fpu/3dsx_crt0.o

.got.plt        0x00118d44        0xc
 .got.plt       0x00118d44        0xc C:/devkitPro/devkitARM/bin/../lib/gcc/arm-none-eabi/16.1.0/../../../../arm-none-eabi/lib/armv6k/fpu/3dsx_crt0.o
                0x00118d44                _GLOBAL_OFFSET_TABLE_

.tdata          0x00118d50        0x0
                0x00118d50                        __tdata_lma = .
 *(.tdata)
 *(.tdata.*)
 *(.gnu.linkonce.td.*)
                0x00118d50                        . = ALIGN (0x4)
                0x00118d50                        __tdata_lma_end = .

.tbss           0x00118d50      0xc08
 *(.tbss)
 *(.tbss.*)
 .tbss.__ctru_dev_utf16_buf
                0x00118d50      0x802 C:/devkitPro/libctru/lib\libctru.a(path_buf.o)
                0x00118d50                __ctru_dev_utf16_buf
 *fill*         0x00119552        0x2 
 .tbss.__ctru_dev_path_buf
                0x00119554      0x401 C:/devkitPro/libctru/lib\libctru.a(path_buf.o)
                0x00119554                __ctru_dev_path_buf
 *(.gnu.linkonce.tb.*)
 *(.tcommon)
                0x00119958                        . = ALIGN (0x4)
 *fill*         0x00119955        0x3 

.preinit_array  0x00118d50        0x0
                0x00118d50                        PROVIDE (__preinit_array_start = .)
 *(.preinit_array)
                0x00118d50                        PROVIDE (__preinit_array_end = .)

.init_array     0x00118d50        0x4
                0x00118d50                        PROVIDE (__init_array_start = .)
 *(SORT_BY_NAME(.init_array.*))
 *(.init_array)
 .init_array    0x00118d50        0x4 C:/devkitPro/devkitARM/bin/../lib/gcc/arm-none-eabi/16.1.0/armv6k/fpu/crtbegin.o
                0x00118d54                        PROVIDE (__init_array_end = .)

.fini_array     0x00118d54        0x4
                0x00118d54                        PROVIDE (__fini_array_start = .)
 *(.fini_array)
 .fini_array    0x00118d54        0x4 C:/devkitPro/devkitARM/bin/../lib/gcc/arm-none-eabi/16.1.0/armv6k/fpu/crtbegin.o
 *(SORT_BY_NAME(.fini_array.*))
                0x00118d58                        PROVIDE (__fini_array_end = .)

.ctors
 *crtbegin.o(.ctors)
 *(EXCLUDE_FILE(*crtend.o) .ctors)
 *(SORT_BY_NAME(.ctors.*))
 *(.ctors)

.dtors
 *crtbegin.o(.dtors)
 *(EXCLUDE_FILE(*crtend.o) .dtors)
 *(SORT_BY_NAME(.dtors.*))
 *(.dtors)
                0x00118d58                        __bss_start__ = .

.bss            0x00118d58     0x2ed8
 *(.dynbss)
 *(.bss)
 .bss           0x00118d58      0x15d main_test.o
 *(.bss.*)
 .bss.completed.1
                0x00118eb5        0x1 C:/devkitPro/devkitARM/bin/../lib/gcc/arm-none-eabi/16.1.0/armv6k/fpu/crtbegin.o
 *fill*         0x00118eb6        0x2 
 .bss.object.0  0x00118eb8       0x18 C:/devkitPro/devkitARM/bin/../lib/gcc/arm-none-eabi/16.1.0/armv6k/fpu/crtbegin.o
 .bss.screenAlloc
                0x00118ed0        0x4 C:/devkitPro/libctru/lib\libctru.a(gfx.o)
 .bss.screenFree
                0x00118ed4        0x4 C:/devkitPro/libctru/lib\libctru.a(gfx.o)
 .bss.gfxIsDoubleBuf
                0x00118ed8        0x2 C:/devkitPro/libctru/lib\libctru.a(gfx.o)
 *fill*         0x00118eda        0x2 
 .bss.gfxCurBuf
                0x00118edc        0x2 C:/devkitPro/libctru/lib\libctru.a(gfx.o)
 .bss.gfxIsVram
                0x00118ede        0x1 C:/devkitPro/libctru/lib\libctru.a(gfx.o)
 .bss.gfxTopMode
                0x00118edf        0x1 C:/devkitPro/libctru/lib\libctru.a(gfx.o)
 .bss.gfxFramebufferFormats
                0x00118ee0        0x2 C:/devkitPro/libctru/lib\libctru.a(gfx.o)
 *fill*         0x00118ee2        0x2 
 .bss.gfxBottomFramebufferMaxSize
                0x00118ee4        0x4 C:/devkitPro/libctru/lib\libctru.a(gfx.o)
 .bss.gfxTopFramebufferMaxSize
                0x00118ee8        0x4 C:/devkitPro/libctru/lib\libctru.a(gfx.o)
 *fill*         0x00118eec        0x4 
 .bss.gfxBottomFramebuffers
                0x00118ef0        0x8 C:/devkitPro/libctru/lib\libctru.a(gfx.o)
 .bss.gfxTopFramebuffers
                0x00118ef8        0x8 C:/devkitPro/libctru/lib\libctru.a(gfx.o)
 .bss.flagValue.0
                0x00118f00        0x1 C:/devkitPro/libctru/lib\libctru.a(apt.o)
 .bss.flagInit.1
                0x00118f01        0x1 C:/devkitPro/libctru/lib\libctru.a(apt.o)
 *fill*         0x00118f02        0x2 
 .bss.serviceName.6
                0x00118f04        0x4 C:/devkitPro/libctru/lib\libctru.a(apt.o)
 .bss.aptChainloadFlags
                0x00118f08        0x1 C:/devkitPro/libctru/lib\libctru.a(apt.o)
 .bss.aptChainloadMediatype
                0x00118f09        0x1 C:/devkitPro/libctru/lib\libctru.a(apt.o)
 *fill*         0x00118f0a        0x2 
 .bss.aptChainloadHmac
                0x00118f0c       0x20 C:/devkitPro/libctru/lib\libctru.a(apt.o)
 .bss.aptChainloadDeliverArg
                0x00118f2c      0x300 C:/devkitPro/libctru/lib\libctru.a(apt.o)
 *fill*         0x0011922c        0x4 
 .bss.aptChainloadTid
                0x00119230        0x8 C:/devkitPro/libctru/lib\libctru.a(apt.o)
 .bss.aptParameters
                0x00119238     0x1000 C:/devkitPro/libctru/lib\libctru.a(apt.o)
 .bss.aptFlags  0x0011a238        0x4 C:/devkitPro/libctru/lib\libctru.a(apt.o)
 .bss.aptHomeButtonState
                0x0011a23c        0x1 C:/devkitPro/libctru/lib\libctru.a(apt.o)
 *fill*         0x0011a23d        0x3 
 .bss.aptMessageFuncData
                0x0011a240        0x4 C:/devkitPro/libctru/lib\libctru.a(apt.o)
 .bss.aptMessageFunc
                0x0011a244        0x4 C:/devkitPro/libctru/lib\libctru.a(apt.o)
 .bss.aptFirstHook
                0x0011a248        0xc C:/devkitPro/libctru/lib\libctru.a(apt.o)
 .bss.aptEventHandlerThreadQuit
                0x0011a254        0x1 C:/devkitPro/libctru/lib\libctru.a(apt.o)
 *fill*         0x0011a255        0x3 
 .bss.aptEventHandlerThread
                0x0011a258        0x4 C:/devkitPro/libctru/lib\libctru.a(apt.o)
 .bss.aptSleepEvent
                0x0011a25c        0x8 C:/devkitPro/libctru/lib\libctru.a(apt.o)
 .bss.aptReceiveEvent
                0x0011a264        0x8 C:/devkitPro/libctru/lib\libctru.a(apt.o)
 .bss.aptEvents
                0x0011a26c        0x8 C:/devkitPro/libctru/lib\libctru.a(apt.o)
 .bss.aptLockHandle
                0x0011a274        0x4 C:/devkitPro/libctru/lib\libctru.a(apt.o)
 .bss.aptRefCount
                0x0011a278        0x4 C:/devkitPro/libctru/lib\libctru.a(apt.o)
 .bss.gspEventCbOneShot
                0x0011a27c        0x7 C:/devkitPro/libctru/lib\libctru.a(gspgpu.o)
 *fill*         0x0011a283        0x1 
 .bss.gspEventCbData
                0x0011a284       0x1c C:/devkitPro/libctru/lib\libctru.a(gspgpu.o)
 .bss.gspEventCb
                0x0011a2a0       0x1c C:/devkitPro/libctru/lib\libctru.a(gspgpu.o)
 .bss.gspEvents
                0x0011a2bc       0x38 C:/devkitPro/libctru/lib\libctru.a(gspgpu.o)
 .bss.gspLastEvent
                0x0011a2f4        0x4 C:/devkitPro/libctru/lib\libctru.a(gspgpu.o)
 .bss.gspRunEvents
                0x0011a2f8        0x1 C:/devkitPro/libctru/lib\libctru.a(gspgpu.o)
 *fill*         0x0011a2f9        0x3 
 .bss.gspEventThread
                0x0011a2fc        0x4 C:/devkitPro/libctru/lib\libctru.a(gspgpu.o)
 .bss.gspEvent  0x0011a300        0x4 C:/devkitPro/libctru/lib\libctru.a(gspgpu.o)
 .bss.gspGpuRight
                0x0011a304        0x1 C:/devkitPro/libctru/lib\libctru.a(gspgpu.o)
 .bss.gspThreadId
                0x0011a305        0x1 C:/devkitPro/libctru/lib\libctru.a(gspgpu.o)
 *fill*         0x0011a306        0x2 
 .bss.gspSharedMem
                0x0011a308        0x4 C:/devkitPro/libctru/lib\libctru.a(gspgpu.o)
 .bss.gspSharedMemHandle
                0x0011a30c        0x4 C:/devkitPro/libctru/lib\libctru.a(gspgpu.o)
 .bss.gspRefCount
                0x0011a310        0x4 C:/devkitPro/libctru/lib\libctru.a(gspgpu.o)
 .bss.gspGpuHandle
                0x0011a314        0x4 C:/devkitPro/libctru/lib\libctru.a(gspgpu.o)
 .bss.usingIrrst
                0x0011a318        0x1 C:/devkitPro/libctru/lib\libctru.a(hid.o)
 *fill*         0x0011a319        0x3 
 .bss.hidRefCount
                0x0011a31c        0x4 C:/devkitPro/libctru/lib\libctru.a(hid.o)
 .bss.gRate     0x0011a320        0x6 C:/devkitPro/libctru/lib\libctru.a(hid.o)
 *fill*         0x0011a326        0x2 
 .bss.aVec      0x0011a328        0x6 C:/devkitPro/libctru/lib\libctru.a(hid.o)
 *fill*         0x0011a32e        0x2 
 .bss.cPos      0x0011a330        0x4 C:/devkitPro/libctru/lib\libctru.a(hid.o)
 .bss.tPos      0x0011a334        0x4 C:/devkitPro/libctru/lib\libctru.a(hid.o)
 .bss.kRepeat   0x0011a338        0x4 C:/devkitPro/libctru/lib\libctru.a(hid.o)
 .bss.kUp       0x0011a33c        0x4 C:/devkitPro/libctru/lib\libctru.a(hid.o)
 .bss.kDown     0x0011a340        0x4 C:/devkitPro/libctru/lib\libctru.a(hid.o)
 .bss.kHeld     0x0011a344        0x4 C:/devkitPro/libctru/lib\libctru.a(hid.o)
 .bss.kOld      0x0011a348        0x4 C:/devkitPro/libctru/lib\libctru.a(hid.o)
 .bss.hidSharedMem
                0x0011a34c        0x4 C:/devkitPro/libctru/lib\libctru.a(hid.o)
                0x0011a34c                hidSharedMem
 .bss.hidEvents
                0x0011a350       0x14 C:/devkitPro/libctru/lib\libctru.a(hid.o)
                0x0011a350                hidEvents
 .bss.hidMemHandle
                0x0011a364        0x4 C:/devkitPro/libctru/lib\libctru.a(hid.o)
                0x0011a364                hidMemHandle
 .bss.hidHandle
                0x0011a368        0x4 C:/devkitPro/libctru/lib\libctru.a(hid.o)
                0x0011a368                hidHandle
 .bss.irrstRefCount
                0x0011a36c        0x4 C:/devkitPro/libctru/lib\libctru.a(irrst.o)
 .bss.csPos     0x0011a370        0x4 C:/devkitPro/libctru/lib\libctru.a(irrst.o)
 .bss.kHeld     0x0011a374        0x4 C:/devkitPro/libctru/lib\libctru.a(irrst.o)
 .bss.irrstSharedMem
                0x0011a378        0x4 C:/devkitPro/libctru/lib\libctru.a(irrst.o)
                0x0011a378                irrstSharedMem
 .bss.irrstEvent
                0x0011a37c        0x4 C:/devkitPro/libctru/lib\libctru.a(irrst.o)
                0x0011a37c                irrstEvent
 .bss.irrstMemHandle
                0x0011a380        0x4 C:/devkitPro/libctru/lib\libctru.a(irrst.o)
                0x0011a380                irrstMemHandle
 .bss.irrstHandle
                0x0011a384        0x4 C:/devkitPro/libctru/lib\libctru.a(irrst.o)
                0x0011a384                irrstHandle
 .bss.__system_retAddr
                0x0011a388        0x4 C:/devkitPro/libctru/lib\libctru.a(ctru_init.o)
                0x0011a388                __system_retAddr
 .bss.__system_argv
                0x0011a38c        0x4 C:/devkitPro/libctru/lib\libctru.a(initArgv.o)
                0x0011a38c                __system_argv
 .bss.__system_argc
                0x0011a390        0x4 C:/devkitPro/libctru/lib\libctru.a(initArgv.o)
                0x0011a390                __system_argc
 .bss.saved_stack.42
                0x0011a394        0x8 C:/devkitPro/libctru/lib\libctru.a(stack_adjust.o)
 *fill*         0x0011a39c        0x4 
 .bss._ZL11sLinearPool
                0x0011a3a0        0x8 C:/devkitPro/libctru/lib\libctru.a(linear.o)
 .bss._ZL8sAddrMap
                0x0011a3a8        0xc C:/devkitPro/libctru/lib\libctru.a(linear.o)
 *fill*         0x0011a3b4        0x4 
 .bss._ZL10sVramPoolB
                0x0011a3b8        0x8 C:/devkitPro/libctru/lib\libctru.a(vram.o)
 .bss._ZL10sVramPoolA
                0x0011a3c0        0x8 C:/devkitPro/libctru/lib\libctru.a(vram.o)
 .bss._ZL8sAddrMap
                0x0011a3c8        0xc C:/devkitPro/libctru/lib\libctru.a(vram.o)
 .bss.__3dslink_host
                0x0011a3d4        0x4 C:/devkitPro/libctru/lib\libctru.a(3dslink.o)
                0x0011a3d4                __3dslink_host
 .bss.__ctru_speedup
                0x0011a3d8        0x1 C:/devkitPro/libctru/lib\libctru.a(os.o)
                0x0011a3d8                __ctru_speedup
 *fill*         0x0011a3d9        0x3 
 .bss.srvRefCount
                0x0011a3dc        0x4 C:/devkitPro/libctru/lib\libctru.a(srv.o)
 .bss.srvHandle
                0x0011a3e0        0x4 C:/devkitPro/libctru/lib\libctru.a(srv.o)
 .bss.arbiter   0x0011a3e4        0x4 C:/devkitPro/libctru/lib\libctru.a(synchronization.o)
 .bss.currentAddr
                0x0011a3e8        0x4 C:/devkitPro/libctru/lib\libctru.a(mappable.o)
 .bss.maxAddr   0x0011a3ec        0x4 C:/devkitPro/libctru/lib\libctru.a(mappable.o)
 .bss.minAddr   0x0011a3f0        0x4 C:/devkitPro/libctru/lib\libctru.a(mappable.o)
 .bss.ptmSysmRefCount
                0x0011a3f4        0x4 C:/devkitPro/libctru/lib\libctru.a(ptmsysm.o)
 .bss.ptmSysmHandle
                0x0011a3f8        0x4 C:/devkitPro/libctru/lib\libctru.a(ptmsysm.o)
 .bss.srvPmHandle
                0x0011a3fc        0x4 C:/devkitPro/libctru/lib\libctru.a(srvpm.o)
 .bss.__ctru_linear_heap_size
                0x0011a400        0x4 C:/devkitPro/libctru/lib\libctru.a(allocateHeaps.o)
                0x0011a400                __ctru_linear_heap_size
 .bss.__ctru_heap_size
                0x0011a404        0x4 C:/devkitPro/libctru/lib\libctru.a(allocateHeaps.o)
                0x0011a404                __ctru_heap_size
 .bss.__ctru_linear_heap
                0x0011a408        0x4 C:/devkitPro/libctru/lib\libctru.a(allocateHeaps.o)
                0x0011a408                __ctru_linear_heap
 .bss.__ctru_heap
                0x0011a40c        0x4 C:/devkitPro/libctru/lib\libctru.a(allocateHeaps.o)
                0x0011a40c                __ctru_heap
 .bss.archive_devices
                0x0011a410      0x5c0 C:/devkitPro/libctru/lib\libctru.a(archive_dev.o)
 .bss.archive_device_cwd
                0x0011a9d0        0x4 C:/devkitPro/libctru/lib\libctru.a(archive_dev.o)
 .bss.archive_initialized
                0x0011a9d4        0x1 C:/devkitPro/libctru/lib\libctru.a(archive_dev.o)
 *fill*         0x0011a9d5        0x3 
 .bss.fsExemptArchives
                0x0011a9d8       0x80 C:/devkitPro/libctru/lib\libctru.a(fs.o)
 .bss.fsuRefCount
                0x0011aa58        0x4 C:/devkitPro/libctru/lib\libctru.a(fs.o)
 .bss.fsuHandle
                0x0011aa5c        0x4 C:/devkitPro/libctru/lib\libctru.a(fs.o)
 .bss.__malloc_current_mallinfo
                0x0011aa60       0x28 C:/devkitPro/devkitARM/bin/../lib/gcc/arm-none-eabi/16.1.0/../../../../arm-none-eabi/lib/armv6k/fpu\libg.a(libc_a-mallocr.o)
                0x0011aa60                __malloc_current_mallinfo
 .bss.__malloc_max_total_mem
                0x0011aa88        0x4 C:/devkitPro/devkitARM/bin/../lib/gcc/arm-none-eabi/16.1.0/../../../../arm-none-eabi/lib/armv6k/fpu\libg.a(libc_a-mallocr.o)
                0x0011aa88                __malloc_max_total_mem
 .bss.__malloc_max_sbrked_mem
                0x0011aa8c        0x4 C:/devkitPro/devkitARM/bin/../lib/gcc/arm-none-eabi/16.1.0/../../../../arm-none-eabi/lib/armv6k/fpu\libg.a(libc_a-mallocr.o)
                0x0011aa8c                __malloc_max_sbrked_mem
 .bss.__malloc_top_pad
                0x0011aa90        0x4 C:/devkitPro/devkitARM/bin/../lib/gcc/arm-none-eabi/16.1.0/../../../../arm-none-eabi/lib/armv6k/fpu\libg.a(libc_a-mallocr.o)
                0x0011aa90                __malloc_top_pad
 .bss.__sfp_recursive_mutex
                0x0011aa94        0xc C:/devkitPro/devkitARM/bin/../lib/gcc/arm-none-eabi/16.1.0/../../../../arm-none-eabi/lib/armv6k/fpu\libg.a(libc_a-findfp.o)
 .bss.__sf      0x0011aaa0      0x168 C:/devkitPro/devkitARM/bin/../lib/gcc/arm-none-eabi/16.1.0/../../../../arm-none-eabi/lib/armv6k/fpu\libg.a(libc_a-findfp.o)
                0x0011aaa0                __sf
 .bss.__stdio_exit_handler
                0x0011ac08        0x4 C:/devkitPro/devkitARM/bin/../lib/gcc/arm-none-eabi/16.1.0/../../../../arm-none-eabi/lib/armv6k/fpu\libg.a(libc_a-findfp.o)
                0x0011ac08                __stdio_exit_handler
 .bss.__malloc_recursive_mutex
                0x0011ac0c        0xc C:/devkitPro/devkitARM/bin/../lib/gcc/arm-none-eabi/16.1.0/../../../../arm-none-eabi/lib/armv6k/fpu\libg.a(libc_a-mlock.o)
 .bss.temp_cwd  0x0011ac18      0x400 C:/devkitPro/devkitARM/bin/../lib/gcc/arm-none-eabi/16.1.0/../../../../arm-none-eabi/lib/armv6k/fpu\libsysbase.a(libsysbase_libsysbase_a-chdir.o)
 .bss.__hndl_lock
                0x0011b018        0x4 C:/devkitPro/devkitARM/bin/../lib/gcc/arm-none-eabi/16.1.0/../../../../arm-none-eabi/lib/armv6k/fpu\libsysbase.a(libsysbase_libsysbase_a-handle_manager.o)
 .bss.fake_heap_start
                0x0011b01c        0x4 C:/devkitPro/devkitARM/bin/../lib/gcc/arm-none-eabi/16.1.0/../../../../arm-none-eabi/lib/armv6k/fpu\libsysbase.a(libsysbase_libsysbase_a-malloc_vars.o)
                0x0011b01c                fake_heap_start
 .bss.fake_heap_end
                0x0011b020        0x4 C:/devkitPro/devkitARM/bin/../lib/gcc/arm-none-eabi/16.1.0/../../../../arm-none-eabi/lib/armv6k/fpu\libsysbase.a(libsysbase_libsysbase_a-malloc_vars.o)
                0x0011b020                fake_heap_end
 .bss.heap_start.0
                0x0011b024        0x4 C:/devkitPro/devkitARM/bin/../lib/gcc/arm-none-eabi/16.1.0/../../../../arm-none-eabi/lib/armv6k/fpu\libsysbase.a(libsysbase_libsysbase_a-sbrk.o)
 *(.gnu.linkonce.b*)
 *(COMMON)
                0x0011b028                        . = (0x8 + ABSOLUTE (ALIGN (ABSOLUTE ((. - 0x8)), MAX (ALIGNOF (.tdata), ALIGNOF (.tbss)))))
                0x0011b028                        __tls_start = .
                0x0011b028                        . = (. + SIZEOF (.tdata))
                0x0011b028                        . = ALIGN (ALIGNOF (.tbss))
                0x0011bc30                        . = (. + SIZEOF (.tbss))
 *fill*         0x0011b028      0xc08 
                0x0011bc30                        __tls_end = .
                0x0011bc30                        __bss_end__ = .
                0x0011bc30                        __end__ = ABSOLUTE (.)

/DISCARD/
 *(.group .comment .note)

.stab
 *(.stab)

.stabstr
 *(.stabstr)

.stab.excl
 *(.stab.excl)

.stab.exclstr
 *(.stab.exclstr)

.stab.index
 *(.stab.index)

.stab.indexstr
 *(.stab.indexstr)

.debug
 *(.debug)

.line
 *(.line)

.debug_srcinfo
 *(.debug_srcinfo)

.debug_sfnames
 *(.debug_sfnames)

.debug_aranges  0x00000000     0x17a0
 *(.debug_aranges)
 .debug_aranges
                0x00000000       0x38 main_test.o
 .debug_aranges
                0x00000038       0xe8 qrcodegen.o
 .debug_aranges
                0x00000120       0xa0 C:/devkitPro/libctru/lib\libctru.a(gfx.o)
 .debug_aranges
                0x000001c0      0x270 C:/devkitPro/libctru/lib\libctru.a(apt.o)
 .debug_aranges
                0x00000430      0x118 C:/devkitPro/libctru/lib\libctru.a(gspgpu.o)
 .debug_aranges
                0x00000548       0xd0 C:/devkitPro/libctru/lib\libctru.a(hid.o)
 .debug_aranges
                0x00000618       0x68 C:/devkitPro/libctru/lib\libctru.a(irrst.o)
 .debug_aranges
                0x00000680       0x20 C:/devkitPro/libctru/lib\libctru.a(ctru_init.o)
 .debug_aranges
                0x000006a0       0x20 C:/devkitPro/libctru/lib\libctru.a(initArgv.o)
 .debug_aranges
                0x000006c0       0xe0 C:/devkitPro/libctru/lib\libctru.a(syscalls.o)
 .debug_aranges
                0x000007a0      0x330 C:/devkitPro/libctru/lib\libctru.a(svc.o)
 .debug_aranges
                0x00000ad0       0x28 C:/devkitPro/libctru/lib\libctru.a(stack_adjust.o)
 .debug_aranges
                0x00000af8       0x58 C:/devkitPro/libctru/lib\libctru.a(linear.o)
 .debug_aranges
                0x00000b50       0x38 C:/devkitPro/libctru/lib\libctru.a(mem_pool.o)
 .debug_aranges
                0x00000b88       0x68 C:/devkitPro/libctru/lib\libctru.a(vram.o)
 .debug_aranges
                0x00000bf0       0x20 C:/devkitPro/libctru/lib\libctru.a(3dslink.o)
 .debug_aranges
                0x00000c10       0x28 C:/devkitPro/libctru/lib\libctru.a(env.o)
 .debug_aranges
                0x00000c38       0x58 C:/devkitPro/libctru/lib\libctru.a(os.o)
 .debug_aranges
                0x00000c90       0xc0 C:/devkitPro/libctru/lib\libctru.a(srv.o)
 .debug_aranges
                0x00000d50       0xf0 C:/devkitPro/libctru/lib\libctru.a(synchronization.o)
 .debug_aranges
                0x00000e40       0x60 C:/devkitPro/libctru/lib\libctru.a(thread.o)
 .debug_aranges
                0x00000ea0       0x38 C:/devkitPro/libctru/lib\libctru.a(mappable.o)
 .debug_aranges
                0x00000ed8       0xb8 C:/devkitPro/libctru/lib\libctru.a(ptmsysm.o)
 .debug_aranges
                0x00000f90       0x50 C:/devkitPro/libctru/lib\libctru.a(srvpm.o)
 .debug_aranges
                0x00000fe0       0x20 C:/devkitPro/libctru/lib\libctru.a(rbtree_find.o)
 .debug_aranges
                0x00001000       0x20 C:/devkitPro/libctru/lib\libctru.a(rbtree_init.o)
 .debug_aranges
                0x00001020       0x30 C:/devkitPro/libctru/lib\libctru.a(rbtree_insert.o)
 .debug_aranges
                0x00001050       0x20 C:/devkitPro/libctru/lib\libctru.a(rbtree_remove.o)
 .debug_aranges
                0x00001070       0x20 C:/devkitPro/libctru/lib\libctru.a(rbtree_rotate.o)
 .debug_aranges
                0x00001090       0x20 C:/devkitPro/libctru/lib\libctru.a(allocateHeaps.o)
 .debug_aranges
                0x000010b0       0x20 C:/devkitPro/libctru/lib\libctru.a(appExit.o)
 .debug_aranges
                0x000010d0       0x20 C:/devkitPro/libctru/lib\libctru.a(appInit.o)
 .debug_aranges
                0x000010f0       0x20 C:/devkitPro/libctru/lib\libctru.a(ctru_exit.o)
 .debug_aranges
                0x00001110      0x118 C:/devkitPro/libctru/lib\libctru.a(archive_dev.o)